<html>
<body>
<pre>
<h1>µVision Build Log</h1>
<h2>Tool Versions:</h2>
IDE-Version: ¦ÌVision V5.40.0.0
Copyright (C) 2024 ARM Ltd and ARM Germany GmbH. All rights reserved.
License Information: xy LUO, hkustgz, LIC=SDA0P-MN2VF-9UK4U-S81B4-YTS5F-RK3I8
 
Tool Versions:
Toolchain:       MDK-ARM Plus  Version: 5.40.0.3
Toolchain Path:  D:\Keil_v5\ARM\ARMCC\Bin
C Compiler:      Armcc.exe V5.06 update 7 (build 960)
Assembler:       Armasm.exe V5.06 update 7 (build 960)
Linker/Locator:  ArmLink.exe V5.06 update 7 (build 960)
Library Manager: ArmAr.exe V5.06 update 7 (build 960)
Hex Converter:   FromElf.exe V5.06 update 7 (build 960)
CPU DLL:         SARMCM3.DLL V5.40.0.3
Dialog DLL:      DCM.DLL V1.17.5.0
Target DLL:      CMSIS_AGDI.dll V1.33.18.0
Dialog DLL:      TCM.DLL V1.56.4.0
 
<h2>Project:</h2>
D:\Aprojects\RM\test0603\INFRASTRY_TEST\Chassis\MDK-ARM\Gimbal.uvprojx
Project File Date:  08/27/2024

<h2>Output:</h2>
*** Using Compiler 'V5.06 update 7 (build 960)', folder: 'D:\Keil_v5\ARM\ARMCC\Bin'
Build target 'Gimbal'
compiling BalanceStandControl.cpp...
../Src/Entity/GMMotor/GM6020.hpp(33): warning:  #1300-D: setOutput inherits implicit virtual
      void setOutput() override;
../Src/Entity/GMMotor/GM3508.hpp(41): warning:  #1300-D: setOutput inherits implicit virtual
      void setOutput() override;
../Src/Entity/GMMotor/GM2006.hpp(31): warning:  #1300-D: setOutput inherits implicit virtual
      void setOutput() override;
..\Src\Entity\LKMotor\LK9025.hpp(26): warning:  #1300-D: setOutput inherits implicit virtual
      void setOutput() override;
..\Src\GimbalController\Test\BalanceStandControl.hpp(69): warning:  #1300-D: init inherits implicit virtual
      void init() override;
..\Src\GimbalController\Test\BalanceStandControl.hpp(75): warning:  #1300-D: enter inherits implicit virtual
      void enter() override;
..\Src\GimbalController\Test\BalanceStandControl.hpp(81): warning:  #1300-D: execute inherits implicit virtual
      void execute() override;
..\Src\GimbalController\Test\BalanceStandControl.hpp(86): warning:  #1300-D: exit inherits implicit virtual
      void exit() override;
..\Src\GimbalController\Test\BalanceStandControl.hpp(92): warning:  #1300-D: run inherits implicit virtual
      void run() override;
..\Src\GimbalController\Test\BalanceStandControl.cpp(84): warning:  #1-D: last line of file ends without a newline
  }
..\Src\GimbalController\Test\BalanceStandControl.cpp: 10 warnings, 0 errors
linking...
Program Size: Code=67896 RO-data=1228 RW-data=664 ZI-data=45344  
FromELF: creating hex file...
"Gimbal\Gimbal.axf" - 0 Error(s), 10 Warning(s).

<h2>Software Packages used:</h2>

Package Vendor: ARM
                https://www.keil.com/pack/ARM.CMSIS.6.1.0.pack
                ARM::CMSIS@6.1.0
                CMSIS (Common Microcontroller Software Interface Standard)
   * Component: CORE Version: 6.1.0

Package Vendor: Keil
                https://www.keil.com/pack/Keil.STM32F4xx_DFP.2.17.1.pack
                Keil::STM32F4xx_DFP@2.17.1
                STMicroelectronics STM32F4 Series Device Support, Drivers and Examples

<h2>Collection of Component include folders:</h2>
  ./RTE/_Gimbal
  D:/Arm/Packs/ARM/CMSIS/6.1.0/CMSIS/Core/Include
  D:/Arm/Packs/Keil/STM32F4xx_DFP/2.17.1/Drivers/CMSIS/Device/ST/STM32F4xx/Include

<h2>Collection of Component Files used:</h2>

   * Component: ARM::CMSIS:CORE@6.1.0
Build Time Elapsed:  00:00:04
</pre>
</body>
</html>
