Component: ARM Compiler 5.06 update 7 (build 960) Tool: armlink [4d3601]

==============================================================================

Section Cross References

    startup_stm32f407xx.o(STACK) refers (Special) to heapauxi.o(.text) for __use_two_region_memory
    startup_stm32f407xx.o(HEAP) refers (Special) to heapauxi.o(.text) for __use_two_region_memory
    startup_stm32f407xx.o(RESET) refers (Special) to heapauxi.o(.text) for __use_two_region_memory
    startup_stm32f407xx.o(RESET) refers to startup_stm32f407xx.o(STACK) for __initial_sp
    startup_stm32f407xx.o(RESET) refers to startup_stm32f407xx.o(.text) for Reset_Handler
    startup_stm32f407xx.o(RESET) refers to stm32f4xx_it.o(i.NMI_Handler) for NMI_Handler
    startup_stm32f407xx.o(RESET) refers to stm32f4xx_it.o(i.HardFault_Handler) for HardFault_Handler
    startup_stm32f407xx.o(RESET) refers to stm32f4xx_it.o(i.MemManage_Handler) for MemManage_Handler
    startup_stm32f407xx.o(RESET) refers to stm32f4xx_it.o(i.BusFault_Handler) for BusFault_Handler
    startup_stm32f407xx.o(RESET) refers to stm32f4xx_it.o(i.UsageFault_Handler) for UsageFault_Handler
    startup_stm32f407xx.o(RESET) refers to stm32f4xx_it.o(i.SVC_Handler) for SVC_Handler
    startup_stm32f407xx.o(RESET) refers to stm32f4xx_it.o(i.DebugMon_Handler) for DebugMon_Handler
    startup_stm32f407xx.o(RESET) refers to stm32f4xx_it.o(i.PendSV_Handler) for PendSV_Handler
    startup_stm32f407xx.o(RESET) refers to main.o(i.SysTick_Handler) for SysTick_Handler
    startup_stm32f407xx.o(RESET) refers to stm32f4xx_it.o(i.DMA1_Stream1_IRQHandler) for DMA1_Stream1_IRQHandler
    startup_stm32f407xx.o(RESET) refers to stm32f4xx_it.o(i.CAN1_TX_IRQHandler) for CAN1_TX_IRQHandler
    startup_stm32f407xx.o(RESET) refers to stm32f4xx_it.o(i.CAN1_RX0_IRQHandler) for CAN1_RX0_IRQHandler
    startup_stm32f407xx.o(RESET) refers to bsp_tim.o(i.TIM2_IRQHandler) for TIM2_IRQHandler
    startup_stm32f407xx.o(RESET) refers to bsp_usart.o(i.USART3_IRQHandler) for USART3_IRQHandler
    startup_stm32f407xx.o(RESET) refers to stm32f4xx_it.o(i.DMA2_Stream0_IRQHandler) for DMA2_Stream0_IRQHandler
    startup_stm32f407xx.o(RESET) refers to stm32f4xx_it.o(i.DMA2_Stream3_IRQHandler) for DMA2_Stream3_IRQHandler
    startup_stm32f407xx.o(RESET) refers to stm32f4xx_it.o(i.CAN2_TX_IRQHandler) for CAN2_TX_IRQHandler
    startup_stm32f407xx.o(RESET) refers to stm32f4xx_it.o(i.CAN2_RX0_IRQHandler) for CAN2_RX0_IRQHandler
    startup_stm32f407xx.o(RESET) refers to stm32f4xx_it.o(i.OTG_FS_IRQHandler) for OTG_FS_IRQHandler
    startup_stm32f407xx.o(.text) refers (Special) to heapauxi.o(.text) for __use_two_region_memory
    startup_stm32f407xx.o(.text) refers to system_stm32f4xx.o(i.SystemInit) for SystemInit
    startup_stm32f407xx.o(.text) refers to __main.o(!!!main) for __main
    startup_stm32f407xx.o(.text) refers to startup_stm32f407xx.o(HEAP) for Heap_Mem
    startup_stm32f407xx.o(.text) refers to startup_stm32f407xx.o(STACK) for Stack_Mem
    main.o(i.SysTick_Handler) refers to stm32f4xx_hal.o(i.HAL_IncTick) for HAL_IncTick
    main.o(i.SysTick_Handler) refers to dr16.o(i._ZN4Dr1610updateDataEv) for Dr16::updateData()
    main.o(i.SysTick_Handler) refers to bmi088.o(i._ZN6BMI0886updateEv) for BMI088::update()
    main.o(i.SysTick_Handler) refers to lkmotorhandler.o(i._ZN14LKMotorHandler15sendControlDataEP17CAN_HandleTypeDefS1_) for LKMotorHandler::sendControlData(CAN_HandleTypeDef*, CAN_HandleTypeDef*)
    main.o(i.SysTick_Handler) refers to main.o(.data) for dr16
    main.o(i.SysTick_Handler) refers to main.o(.bss) for hcan2
    main.o(i._Z15EnableSystickITv) refers to stm32f4xx_hal_cortex.o(i.HAL_SYSTICK_CLKSourceConfig) for HAL_SYSTICK_CLKSourceConfig
    main.o(i._Z15EnableSystickITv) refers to system_stm32f4xx.o(.data) for SystemCoreClock
    main.o(i._Z18SystemClock_Configv) refers to rt_memclr_w.o(.text) for __aeabi_memclr4
    main.o(i._Z18SystemClock_Configv) refers to stm32f4xx_hal_rcc.o(i.HAL_RCC_OscConfig) for HAL_RCC_OscConfig
    main.o(i._Z18SystemClock_Configv) refers to main.o(i.Error_Handler) for Error_Handler
    main.o(i._Z18SystemClock_Configv) refers to stm32f4xx_hal_rcc.o(i.HAL_RCC_ClockConfig) for HAL_RCC_ClockConfig
    main.o(i._ZN27_INTERNAL_6_main_c_29f4d46e11MX_CRC_InitEv) refers to stm32f4xx_hal_crc.o(i.HAL_CRC_Init) for HAL_CRC_Init
    main.o(i._ZN27_INTERNAL_6_main_c_29f4d46e11MX_CRC_InitEv) refers to main.o(i.Error_Handler) for Error_Handler
    main.o(i._ZN27_INTERNAL_6_main_c_29f4d46e11MX_CRC_InitEv) refers to main.o(.data) for hcrc
    main.o(i._ZN27_INTERNAL_6_main_c_29f4d46e11MX_DMA_InitEv) refers to stm32f4xx_hal_cortex.o(i.HAL_NVIC_SetPriority) for HAL_NVIC_SetPriority
    main.o(i._ZN27_INTERNAL_6_main_c_29f4d46e11MX_DMA_InitEv) refers to stm32f4xx_hal_cortex.o(i.HAL_NVIC_EnableIRQ) for HAL_NVIC_EnableIRQ
    main.o(i._ZN27_INTERNAL_6_main_c_29f4d46e12MX_CAN1_InitEv) refers to stm32f4xx_hal_can.o(i.HAL_CAN_Init) for HAL_CAN_Init
[...]
    0x08000260   0x08000260   0x00000000   Code   RO        10455    .ARM.Collect$$rtentry$$00000009  c_w.l(__rtentry2.o)
    0x08000260   0x08000260   0x00000004   Code   RO        10456    .ARM.Collect$$rtentry$$0000000A  c_w.l(__rtentry2.o)
    0x08000264   0x08000264   0x00000000   Code   RO        10458    .ARM.Collect$$rtentry$$0000000C  c_w.l(__rtentry2.o)
    0x08000264   0x08000264   0x00000008   Code   RO        10459    .ARM.Collect$$rtentry$$0000000D  c_w.l(__rtentry2.o)
    0x0800026c   0x0800026c   0x00000002   Code   RO        10573    .ARM.Collect$$rtexit$$00000000  c_w.l(rtexit.o)
    0x0800026e   0x0800026e   0x00000000   Code   RO        10588    .ARM.Collect$$rtexit$$00000002  c_w.l(rtexit2.o)
    0x0800026e   0x0800026e   0x00000004   Code   RO        10589    .ARM.Collect$$rtexit$$00000003  c_w.l(rtexit2.o)
    0x08000272   0x08000272   0x00000006   Code   RO        10590    .ARM.Collect$$rtexit$$00000004  c_w.l(rtexit2.o)
    0x08000278   0x08000278   0x00000000   Code   RO        10478    .emb_text           c_w.l(maybetermalloc1.o)
    0x08000278   0x08000278   0x00000040   Code   RO            4    .text               startup_stm32f407xx.o
    0x080002b8   0x080002b8   0x0000005e   Code   RO        10006    .text               c_w.l(h1_alloc.o)
    0x08000316   0x08000316   0x0000004e   Code   RO        10008    .text               c_w.l(h1_free.o)
    0x08000364   0x08000364   0x000000ee   Code   RO        10064    .text               c_w.l(lludivv7m.o)
    0x08000452   0x08000452   0x0000002e   Code   RO        10069    .text               c_w.l(aeabi_atexit.o)
    0x08000480   0x08000480   0x0000008a   Code   RO        10072    .text               c_w.l(rt_memcpy_v6.o)
    0x0800050a   0x0800050a   0x00000064   Code   RO        10074    .text               c_w.l(rt_memcpy_w.o)
    0x0800056e   0x0800056e   0x00000044   Code   RO        10076    .text               c_w.l(rt_memclr.o)
    0x080005b2   0x080005b2   0x0000004e   Code   RO        10078    .text               c_w.l(rt_memclr_w.o)
    0x08000600   0x08000600   0x00000006   Code   RO        10080    .text               c_w.l(heapauxi.o)
    0x08000606   0x08000606   0x00000002   PAD
    0x08000608   0x08000608   0x00000024   Code   RO        10087    .text               c_w.l(init_aeabi.o)
    0x0800062c   0x0800062c   0x00000008   Code   RO        10309    .text               c_w.l(rt_heap_descriptor_intlibspace.o)
    0x08000634   0x08000634   0x00000008   Code   RO        10314    .text               c_w.l(rt_ddtor_pointer_addr_intlibspace.o)
    0x0800063c   0x0800063c   0x00000004   Code   RO        10316    .text               c_w.l(hguard.o)
    0x08000640   0x08000640   0x0000008a   Code   RO        10318    .text               c_w.l(init_alloc.o)
    0x080006ca   0x080006ca   0x0000000e   Code   RO        10322    .text               c_w.l(h1_init.o)
    0x080006d8   0x080006d8   0x00000016   Code   RO        10336    .text               c_w.l(_rserrno.o)
    0x080006ee   0x080006ee   0x00000042   Code   RO        10338    .text               c_w.l(cxa_finalize.o)
    0x08000730   0x08000730   0x00000008   Code   RO        10449    .text               c_w.l(libspace.o)
    0x08000738   0x08000738   0x00000008   Code   RO        10474    .text               c_w.l(rt_errno_addr_intlibspace.o)
    0x08000740   0x08000740   0x00000034   Code   RO        10480    .text               c_w.l(h1_extend.o)
    0x08000774   0x08000774   0x0000000a   Code   RO        10484    .text               c_w.l(defsig_exit.o)
    0x0800077e   0x0800077e   0x0000000e   Code   RO        10486    .text               c_w.l(defsig_rtmem_outer.o)
    0x0800078c   0x0800078c   0x0000000c   Code   RO        10530    .text               c_w.l(sys_exit.o)
    0x08000798   0x08000798   0x00000002   Code   RO        10532    .text               c_w.l(use_no_semi.o)
    0x0800079a   0x0800079a   0x00000000   Code   RO        10534    .text               c_w.l(indicate_semi.o)
    0x0800079a   0x0800079a   0x0000004a   Code   RO        10535    .text               c_w.l(sys_stackheap_outer.o)
    0x080007e4   0x080007e4   0x00000012   Code   RO        10544    .text               c_w.l(exit.o)
    0x080007f6   0x080007f6   0x00000032   Code   RO        10550    .text               c_w.l(defsig_general.o)
    0x08000828   0x08000828   0x00000050   Code   RO        10556    .text               c_w.l(defsig_rtmem_inner.o)
    0x08000878   0x08000878   0x0000000e   Code   RO        10571    .text               c_w.l(sys_wrch.o)
    0x08000886   0x08000886   0x00000002   PAD
    0x08000888   0x08000888   0x000000ba   Code   RO         9828    .text.arm_mat_add_f32  arm_cortexM4lf_math.lib(arm_mat_add_f32.o)
    0x08000942   0x08000942   0x00000008   Code   RO         9837    .text.arm_mat_init_f32  arm_cortexM4lf_math.lib(arm_mat_init_f32.o)
    0x0800094a   0x0800094a   0x00000002   PAD
    0x0800094c   0x0800094c   0x000002f4   Code   RO         9845    .text.arm_mat_inverse_f32  arm_cortexM4lf_math.lib(arm_mat_inverse_f32.o)
    0x08000c40   0x08000c40   0x00000128   Code   RO         9854    .text.arm_mat_mult_f32  arm_cortexM4lf_math.lib(arm_mat_mult_f32.o)
    0x08000d68   0x08000d68   0x000000ba   Code   RO         9863    .text.arm_mat_sub_f32  arm_cortexM4lf_math.lib(arm_mat_sub_f32.o)
    0x08000e22   0x08000e22   0x00000002   PAD
    0x08000e24   0x08000e24   0x000000a2   Code   RO         9872    .text.arm_mat_trans_f32  arm_cortexM4lf_math.lib(arm_mat_trans_f32.o)
    0x08000ec6   0x08000ec6   0x00000004   Code   RO          672    i.BusFault_Handler  stm32f4xx_it.o
    0x08000eca   0x08000eca   0x00000002   PAD
    0x08000ecc   0x08000ecc   0x00000010   Code   RO          673    i.CAN1_RX0_IRQHandler  stm32f4xx_it.o
    0x08000edc   0x08000edc   0x00000010   Code   RO          674    i.CAN1_TX_IRQHandler  stm32f4xx_it.o
    0x08000eec   0x08000eec   0x00000010   Code   RO          675    i.CAN2_RX0_IRQHandler  stm32f4xx_it.o
    0x08000efc   0x08000efc   0x00000010   Code   RO          676    i.CAN2_TX_IRQHandler  stm32f4xx_it.o
    0x08000f0c   0x08000f0c   0x00000010   Code   RO          677    i.DMA1_Stream1_IRQHandler  stm32f4xx_it.o
    0x08000f1c   0x08000f1c   0x00000010   Code   RO          678    i.DMA2_Stream0_IRQHandler  stm32f4xx_it.o
    0x08000f2c   0x08000f2c   0x00000010   Code   RO          679    i.DMA2_Stream3_IRQHandler  stm32f4xx_it.o
    0x08000f3c   0x08000f3c   0x00000002   Code   RO          680    i.DebugMon_Handler  stm32f4xx_it.o
    0x08000f3e   0x08000f3e   0x00000006   Code   RO           13    i.Error_Handler     main.o
    0x08000f44   0x08000f44   0x0000002a   Code   RO         3050    i.HAL_CAN_ActivateNotification  stm32f4xx_hal_can.o
    0x08000f6e   0x08000f6e   0x0000014a   Code   RO         3051    i.HAL_CAN_AddTxMessage  stm32f4xx_hal_can.o
    0x080010b8   0x080010b8   0x00000124   Code   RO         3052    i.HAL_CAN_ConfigFilter  stm32f4xx_hal_can.o
    0x080011dc   0x080011dc   0x00000002   Code   RO         3055    i.HAL_CAN_ErrorCallback  stm32f4xx_hal_can.o
    0x080011de   0x080011de   0x00000194   Code   RO         3058    i.HAL_CAN_GetRxMessage  stm32f4xx_hal_can.o
    0x08001372   0x08001372   0x00000036   Code   RO         3060    i.HAL_CAN_GetTxMailboxesFreeLevel  stm32f4xx_hal_can.o
    0x080013a8   0x080013a8   0x0000024e   Code   RO         3062    i.HAL_CAN_IRQHandler  stm32f4xx_hal_can.o
    0x080015f6   0x080015f6   0x00000174   Code   RO         3063    i.HAL_CAN_Init      stm32f4xx_hal_can.o
    0x0800176a   0x0800176a   0x00000002   PAD
    0x0800176c   0x0800176c   0x00000180   Code   RO          882    i.HAL_CAN_MspInit   stm32f4xx_hal_msp.o
    0x080018ec   0x080018ec   0x00000002   Code   RO         3070    i.HAL_CAN_RxFifo0FullCallback  stm32f4xx_hal_can.o
    0x080018ee   0x080018ee   0x00000002   PAD
    0x080018f0   0x080018f0   0x000000bc   Code   RO         7319    i.HAL_CAN_RxFifo0MsgPendingCallback  bsp_can.o
    0x080019ac   0x080019ac   0x00000002   Code   RO         3072    i.HAL_CAN_RxFifo1FullCallback  stm32f4xx_hal_can.o
    0x080019ae   0x080019ae   0x00000002   Code   RO         3073    i.HAL_CAN_RxFifo1MsgPendingCallback  stm32f4xx_hal_can.o
    0x080019b0   0x080019b0   0x00000002   Code   RO         3074    i.HAL_CAN_SleepCallback  stm32f4xx_hal_can.o
    0x080019b2   0x080019b2   0x0000005e   Code   RO         3075    i.HAL_CAN_Start     stm32f4xx_hal_can.o
    0x08001a10   0x08001a10   0x00000002   Code   RO         3077    i.HAL_CAN_TxMailbox0AbortCallback  stm32f4xx_hal_can.o
    0x08001a12   0x08001a12   0x00000002   Code   RO         3078    i.HAL_CAN_TxMailbox0CompleteCallback  stm32f4xx_hal_can.o
    0x08001a14   0x08001a14   0x00000002   Code   RO         3079    i.HAL_CAN_TxMailbox1AbortCallback  stm32f4xx_hal_can.o
    0x08001a16   0x08001a16   0x00000002   Code   RO         3080    i.HAL_CAN_TxMailbox1CompleteCallback  stm32f4xx_hal_can.o
    0x08001a18   0x08001a18   0x00000002   Code   RO         3081    i.HAL_CAN_TxMailbox2AbortCallback  stm32f4xx_hal_can.o
    0x08001a1a   0x08001a1a   0x00000002   Code   RO         3082    i.HAL_CAN_TxMailbox2CompleteCallback  stm32f4xx_hal_can.o
    0x08001a1c   0x08001a1c   0x00000002   Code   RO         3084    i.HAL_CAN_WakeUpFromRxMsgCallback  stm32f4xx_hal_can.o
    0x08001a1e   0x08001a1e   0x00000020   Code   RO         3323    i.HAL_CRC_Init      stm32f4xx_hal_crc.o
    0x08001a3e   0x08001a3e   0x00000002   PAD
    0x08001a40   0x08001a40   0x00000034   Code   RO          884    i.HAL_CRC_MspInit   stm32f4xx_hal_msp.o
    0x08001a74   0x08001a74   0x000000ac   Code   RO         2270    i.HAL_DMA_Abort     stm32f4xx_hal_dma.o
    0x08001b20   0x08001b20   0x00000028   Code   RO         2271    i.HAL_DMA_Abort_IT  stm32f4xx_hal_dma.o
    0x08001b48   0x08001b48   0x00000240   Code   RO         2275    i.HAL_DMA_IRQHandler  stm32f4xx_hal_dma.o
    0x08001d88   0x08001d88   0x000000ec   Code   RO         2276    i.HAL_DMA_Init      stm32f4xx_hal_dma.o
    0x08001e74   0x08001e74   0x00000092   Code   RO         2279    i.HAL_DMA_Start_IT  stm32f4xx_hal_dma.o
    0x08001f06   0x08001f06   0x00000002   PAD
    0x08001f08   0x08001f08   0x00000028   Code   RO         2762    i.HAL_Delay         stm32f4xx_hal.o
    0x08001f30   0x08001f30   0x000001f4   Code   RO         2154    i.HAL_GPIO_Init     stm32f4xx_hal_gpio.o
    0x08002124   0x08002124   0x0000000c   Code   RO         2158    i.HAL_GPIO_WritePin  stm32f4xx_hal_gpio.o
    0x08002130   0x08002130   0x0000000c   Code   RO         2768    i.HAL_GetTick       stm32f4xx_hal.o
    0x0800213c   0x0800213c   0x000001d0   Code   RO         3397    i.HAL_I2C_Init      stm32f4xx_hal_i2c.o
    0x0800230c   0x0800230c   0x00000308   Code   RO         3415    i.HAL_I2C_Mem_Read  stm32f4xx_hal_i2c.o
    0x08002614   0x08002614   0x00000164   Code   RO         3418    i.HAL_I2C_Mem_Write  stm32f4xx_hal_i2c.o
    0x08002778   0x08002778   0x000000c8   Code   RO          886    i.HAL_I2C_MspInit   stm32f4xx_hal_msp.o
    0x08002840   0x08002840   0x00000018   Code   RO         2774    i.HAL_IncTick       stm32f4xx_hal.o
    0x08002858   0x08002858   0x0000003c   Code   RO         2775    i.HAL_Init          stm32f4xx_hal.o
    0x08002894   0x08002894   0x0000004c   Code   RO         2776    i.HAL_InitTick      stm32f4xx_hal.o
    0x080028e0   0x080028e0   0x00000048   Code   RO          887    i.HAL_MspInit       stm32f4xx_hal_msp.o
    0x08002928   0x08002928   0x00000028   Code   RO         2594    i.HAL_NVIC_EnableIRQ  stm32f4xx_hal_cortex.o
    0x08002950   0x08002950   0x0000007c   Code   RO         2600    i.HAL_NVIC_SetPriority  stm32f4xx_hal_cortex.o
    0x080029cc   0x080029cc   0x00000028   Code   RO         2601    i.HAL_NVIC_SetPriorityGrouping  stm32f4xx_hal_cortex.o
    0x080029f4   0x080029f4   0x00000002   Code   RO         1296    i.HAL_PCDEx_LPM_Callback  stm32f4xx_hal_pcd_ex.o
    0x080029f6   0x080029f6   0x0000000a   Code   RO         1297    i.HAL_PCDEx_SetRxFiFo  stm32f4xx_hal_pcd_ex.o
    0x08002a00   0x08002a00   0x0000004e   Code   RO         1298    i.HAL_PCDEx_SetTxFiFo  stm32f4xx_hal_pcd_ex.o
    0x08002a4e   0x08002a4e   0x00000008   Code   RO         9088    i.HAL_PCD_ConnectCallback  usbd_conf.o
    0x08002a56   0x08002a56   0x00000012   Code   RO         9089    i.HAL_PCD_DataInStageCallback  usbd_conf.o
    0x08002a68   0x08002a68   0x00000014   Code   RO         9090    i.HAL_PCD_DataOutStageCallback  usbd_conf.o
    0x08002a7c   0x08002a7c   0x00000008   Code   RO         9091    i.HAL_PCD_DisconnectCallback  usbd_conf.o
    0x08002a84   0x08002a84   0x00000042   Code   RO         1023    i.HAL_PCD_EP_Abort  stm32f4xx_hal_pcd.o
    0x08002ac6   0x08002ac6   0x0000006a   Code   RO         1024    i.HAL_PCD_EP_Close  stm32f4xx_hal_pcd.o
    0x08002b30   0x08002b30   0x0000007c   Code   RO         1025    i.HAL_PCD_EP_ClrStall  stm32f4xx_hal_pcd.o
    0x08002bac   0x08002bac   0x00000016   Code   RO         1027    i.HAL_PCD_EP_GetRxCount  stm32f4xx_hal_pcd.o
    0x08002bc2   0x08002bc2   0x0000008c   Code   RO         1028    i.HAL_PCD_EP_Open   stm32f4xx_hal_pcd.o
    0x08002c4e   0x08002c4e   0x00000046   Code   RO         1029    i.HAL_PCD_EP_Receive  stm32f4xx_hal_pcd.o
    0x08002c94   0x08002c94   0x0000008a   Code   RO         1030    i.HAL_PCD_EP_SetStall  stm32f4xx_hal_pcd.o
    0x08002d1e   0x08002d1e   0x00000048   Code   RO         1031    i.HAL_PCD_EP_Transmit  stm32f4xx_hal_pcd.o
    0x08002d66   0x08002d66   0x000006ca   Code   RO         1033    i.HAL_PCD_IRQHandler  stm32f4xx_hal_pcd.o
    0x08003430   0x08003430   0x00000008   Code   RO         9092    i.HAL_PCD_ISOINIncompleteCallback  usbd_conf.o
    0x08003438   0x08003438   0x00000008   Code   RO         9093    i.HAL_PCD_ISOOUTIncompleteCallback  usbd_conf.o
    0x08003440   0x08003440   0x0000015e   Code   RO         1036    i.HAL_PCD_Init      stm32f4xx_hal_pcd.o
    0x0800359e   0x0800359e   0x00000002   PAD
    0x080035a0   0x080035a0   0x00000084   Code   RO         9095    i.HAL_PCD_MspInit   usbd_conf.o
    0x08003624   0x08003624   0x0000002e   Code   RO         9096    i.HAL_PCD_ResetCallback  usbd_conf.o
    0x08003652   0x08003652   0x00000008   Code   RO         9097    i.HAL_PCD_ResumeCallback  usbd_conf.o
    0x0800365a   0x0800365a   0x00000008   Code   RO         9098    i.HAL_PCD_SOFCallback  usbd_conf.o
    0x08003662   0x08003662   0x00000034   Code   RO         1042    i.HAL_PCD_SetAddress  stm32f4xx_hal_pcd.o
    0x08003696   0x08003696   0x0000000e   Code   RO         9099    i.HAL_PCD_SetupStageCallback  usbd_conf.o
    0x080036a4   0x080036a4   0x0000004c   Code   RO         1045    i.HAL_PCD_Start     stm32f4xx_hal_pcd.o
    0x080036f0   0x080036f0   0x00000030   Code   RO         9100    i.HAL_PCD_SuspendCallback  usbd_conf.o
    0x08003720   0x08003720   0x00000184   Code   RO         1702    i.HAL_RCC_ClockConfig  stm32f4xx_hal_rcc.o
    0x080038a4   0x080038a4   0x0000000c   Code   RO         1707    i.HAL_RCC_GetHCLKFreq  stm32f4xx_hal_rcc.o
    0x080038b0   0x080038b0   0x00000020   Code   RO         1709    i.HAL_RCC_GetPCLK1Freq  stm32f4xx_hal_rcc.o
    0x080038d0   0x080038d0   0x00000020   Code   RO         1710    i.HAL_RCC_GetPCLK2Freq  stm32f4xx_hal_rcc.o
    0x080038f0   0x080038f0   0x000000b0   Code   RO         1711    i.HAL_RCC_GetSysClockFreq  stm32f4xx_hal_rcc.o
    0x080039a0   0x080039a0   0x0000049c   Code   RO         1714    i.HAL_RCC_OscConfig  stm32f4xx_hal_rcc.o
    0x08003e3c   0x08003e3c   0x00000002   Code   RO         3970    i.HAL_SPI_ErrorCallback  stm32f4xx_hal_spi.o
    0x08003e3e   0x08003e3e   0x00000008   Code   RO         3972    i.HAL_SPI_GetState  stm32f4xx_hal_spi.o
    0x08003e46   0x08003e46   0x000000c8   Code   RO         3974    i.HAL_SPI_Init      stm32f4xx_hal_spi.o
    0x08003f0e   0x08003f0e   0x00000002   PAD
    0x08003f10   0x08003f10   0x0000014c   Code   RO          889    i.HAL_SPI_MspInit   stm32f4xx_hal_msp.o
    0x0800405c   0x0800405c   0x0000017e   Code   RO         3977    i.HAL_SPI_Receive   stm32f4xx_hal_spi.o
    0x080041da   0x080041da   0x00000002   PAD
    0x080041dc   0x080041dc   0x00000114   Code   RO         3978    i.HAL_SPI_Receive_DMA  stm32f4xx_hal_spi.o
    0x080042f0   0x080042f0   0x000000d8   Code   RO         3979    i.HAL_SPI_Receive_IT  stm32f4xx_hal_spi.o
    0x080043c8   0x080043c8   0x00000002   Code   RO         3980    i.HAL_SPI_RxCpltCallback  stm32f4xx_hal_spi.o
    0x080043ca   0x080043ca   0x00000002   Code   RO         3981    i.HAL_SPI_RxHalfCpltCallback  stm32f4xx_hal_spi.o
    0x080043cc   0x080043cc   0x000001bc   Code   RO         3982    i.HAL_SPI_Transmit  stm32f4xx_hal_spi.o
    0x08004588   0x08004588   0x00000240   Code   RO         3983    i.HAL_SPI_TransmitReceive  stm32f4xx_hal_spi.o
    0x080047c8   0x080047c8   0x00000160   Code   RO         3984    i.HAL_SPI_TransmitReceive_DMA  stm32f4xx_hal_spi.o
    0x08004928   0x08004928   0x000000c4   Code   RO         3985    i.HAL_SPI_TransmitReceive_IT  stm32f4xx_hal_spi.o
    0x080049ec   0x080049ec   0x000000f8   Code   RO         3986    i.HAL_SPI_Transmit_DMA  stm32f4xx_hal_spi.o
    0x08004ae4   0x08004ae4   0x000000b4   Code   RO         3987    i.HAL_SPI_Transmit_IT  stm32f4xx_hal_spi.o
    0x08004b98   0x08004b98   0x00000002   Code   RO         3988    i.HAL_SPI_TxCpltCallback  stm32f4xx_hal_spi.o
    0x08004b9a   0x08004b9a   0x00000002   Code   RO         3989    i.HAL_SPI_TxHalfCpltCallback  stm32f4xx_hal_spi.o
    0x08004b9c   0x08004b9c   0x00000002   Code   RO         3990    i.HAL_SPI_TxRxCpltCallback  stm32f4xx_hal_spi.o
    0x08004b9e   0x08004b9e   0x00000002   Code   RO         3991    i.HAL_SPI_TxRxHalfCpltCallback  stm32f4xx_hal_spi.o
    0x08004ba0   0x08004ba0   0x00000028   Code   RO         2603    i.HAL_SYSTICK_CLKSourceConfig  stm32f4xx_hal_cortex.o
    0x08004bc8   0x08004bc8   0x00000034   Code   RO         2605    i.HAL_SYSTICK_Config  stm32f4xx_hal_cortex.o
    0x08004bfc   0x08004bfc   0x00000002   Code   RO         5176    i.HAL_TIMEx_BreakCallback  stm32f4xx_hal_tim_ex.o
    0x08004bfe   0x08004bfe   0x00000002   Code   RO         5177    i.HAL_TIMEx_CommutCallback  stm32f4xx_hal_tim_ex.o
    0x08004c00   0x08004c00   0x00000074   Code   RO         5179    i.HAL_TIMEx_ConfigBreakDeadTime  stm32f4xx_hal_tim_ex.o
    0x08004c74   0x08004c74   0x000000b4   Code   RO         5195    i.HAL_TIMEx_MasterConfigSynchronization  stm32f4xx_hal_tim_ex.o
    0x08004d28   0x08004d28   0x00000066   Code   RO         4342    i.HAL_TIM_Base_Init  stm32f4xx_hal_tim.o
    0x08004d8e   0x08004d8e   0x00000002   PAD
    0x08004d90   0x08004d90   0x000000fc   Code   RO          891    i.HAL_TIM_Base_MspInit  stm32f4xx_hal_msp.o
    0x08004e8c   0x08004e8c   0x000000a8   Code   RO         4347    i.HAL_TIM_Base_Start_IT  stm32f4xx_hal_tim.o
    0x08004f34   0x08004f34   0x0000010c   Code   RO         4351    i.HAL_TIM_ConfigClockSource  stm32f4xx_hal_tim.o
    0x08005040   0x08005040   0x00000002   Code   RO         4376    i.HAL_TIM_IC_CaptureCallback  stm32f4xx_hal_tim.o
    0x08005042   0x08005042   0x0000016c   Code   RO         4390    i.HAL_TIM_IRQHandler  stm32f4xx_hal_tim.o
    0x080051ae   0x080051ae   0x00000002   PAD
    0x080051b0   0x080051b0   0x00000148   Code   RO          892    i.HAL_TIM_MspPostInit  stm32f4xx_hal_msp.o
    0x080052f8   0x080052f8   0x00000070   Code   RO         4391    i.HAL_TIM_OC_ConfigChannel  stm32f4xx_hal_tim.o
    0x08005368   0x08005368   0x00000002   Code   RO         4393    i.HAL_TIM_OC_DelayElapsedCallback  stm32f4xx_hal_tim.o
    0x0800536a   0x0800536a   0x00000066   Code   RO         4395    i.HAL_TIM_OC_Init   stm32f4xx_hal_tim.o
    0x080053d0   0x080053d0   0x00000002   Code   RO         4397    i.HAL_TIM_OC_MspInit  stm32f4xx_hal_tim.o
    0x080053d2   0x080053d2   0x00000104   Code   RO         4414    i.HAL_TIM_PWM_ConfigChannel  stm32f4xx_hal_tim.o
    0x080054d6   0x080054d6   0x00000066   Code   RO         4417    i.HAL_TIM_PWM_Init  stm32f4xx_hal_tim.o
    0x0800553c   0x0800553c   0x00000034   Code   RO          894    i.HAL_TIM_PWM_MspInit  stm32f4xx_hal_msp.o
    0x08005570   0x08005570   0x00000002   Code   RO         4420    i.HAL_TIM_PWM_PulseFinishedCallback  stm32f4xx_hal_tim.o
    0x08005572   0x08005572   0x00000002   PAD
    0x08005574   0x08005574   0x0000010c   Code   RO         4422    i.HAL_TIM_PWM_Start  stm32f4xx_hal_tim.o
    0x08005680   0x08005680   0x00000002   Code   RO         4428    i.HAL_TIM_PeriodElapsedCallback  stm32f4xx_hal_tim.o
    0x08005682   0x08005682   0x00000002   Code   RO         4433    i.HAL_TIM_TriggerCallback  stm32f4xx_hal_tim.o
    0x08005684   0x08005684   0x00000002   Code   RO         5497    i.HAL_UARTEx_RxEventCallback  stm32f4xx_hal_uart.o
    0x08005686   0x08005686   0x00000002   Code   RO         5511    i.HAL_UART_ErrorCallback  stm32f4xx_hal_uart.o
    0x08005688   0x08005688   0x000002e8   Code   RO         5514    i.HAL_UART_IRQHandler  stm32f4xx_hal_uart.o
    0x08005970   0x08005970   0x00000076   Code   RO         5515    i.HAL_UART_Init     stm32f4xx_hal_uart.o
    0x080059e6   0x080059e6   0x00000002   PAD
    0x080059e8   0x080059e8   0x000000e0   Code   RO          896    i.HAL_UART_MspInit  stm32f4xx_hal_msp.o
    0x08005ac8   0x08005ac8   0x00000002   Code   RO         5521    i.HAL_UART_RxCpltCallback  stm32f4xx_hal_uart.o
    0x08005aca   0x08005aca   0x00000002   Code   RO         5526    i.HAL_UART_TxCpltCallback  stm32f4xx_hal_uart.o
    0x08005acc   0x08005acc   0x00000004   Code   RO          681    i.HardFault_Handler  stm32f4xx_it.o
    0x08005ad0   0x08005ad0   0x00000054   Code   RO         8870    i.MX_USB_DEVICE_Init  usb_device.o
    0x08005b24   0x08005b24   0x00000004   Code   RO          682    i.MemManage_Handler  stm32f4xx_it.o
    0x08005b28   0x08005b28   0x00000004   Code   RO          683    i.NMI_Handler       stm32f4xx_it.o
    0x08005b2c   0x08005b2c   0x00000010   Code   RO          684    i.OTG_FS_IRQHandler  stm32f4xx_it.o
    0x08005b3c   0x08005b3c   0x00000002   Code   RO          685    i.PendSV_Handler    stm32f4xx_it.o
    0x08005b3e   0x08005b3e   0x00000002   Code   RO          686    i.SVC_Handler       stm32f4xx_it.o
    0x08005b40   0x08005b40   0x0000004c   Code   RO           14    i.SysTick_Handler   main.o
    0x08005b8c   0x08005b8c   0x00000014   Code   RO         5921    i.SystemInit        system_stm32f4xx.o
    0x08005ba0   0x08005ba0   0x00000018   Code   RO         7661    i.TIM2_IRQHandler   bsp_tim.o
    0x08005bb8   0x08005bb8   0x000000e8   Code   RO         4435    i.TIM_Base_SetConfig  stm32f4xx_hal_tim.o
    0x08005ca0   0x08005ca0   0x00000022   Code   RO         4436    i.TIM_CCxChannelCmd  stm32f4xx_hal_tim.o
    0x08005cc2   0x08005cc2   0x00000016   Code   RO         4441    i.TIM_ETR_SetConfig  stm32f4xx_hal_tim.o
    0x08005cd8   0x08005cd8   0x0000007c   Code   RO         4442    i.TIM_OC2_SetConfig  stm32f4xx_hal_tim.o
    0x08005d54   0x08005d54   0x00000014   Code   RO         7702    i.USART3_IRQHandler  bsp_usart.o
    0x08005d68   0x08005d68   0x00000048   Code   RO         9691    i.USBD_CDC_ReceivePacket  usbd_cdc.o
    0x08005db0   0x08005db0   0x00000018   Code   RO         9692    i.USBD_CDC_RegisterInterface  usbd_cdc.o
    0x08005dc8   0x08005dc8   0x0000001c   Code   RO         9693    i.USBD_CDC_SetRxBuffer  usbd_cdc.o
    0x08005de4   0x08005de4   0x00000020   Code   RO         9694    i.USBD_CDC_SetTxBuffer  usbd_cdc.o
    0x08005e04   0x08005e04   0x00000014   Code   RO         9326    i.USBD_ClrClassConfig  usbd_core.o
    0x08005e18   0x08005e18   0x00000004   Code   RO         9327    i.USBD_CoreFindEP   usbd_core.o
    0x08005e1c   0x08005e1c   0x00000004   Code   RO         9328    i.USBD_CoreFindIF   usbd_core.o
    0x08005e20   0x08005e20   0x00000010   Code   RO         9624    i.USBD_CtlContinueRx  usbd_ioreq.o
    0x08005e30   0x08005e30   0x00000010   Code   RO         9625    i.USBD_CtlContinueSendData  usbd_ioreq.o
    0x08005e40   0x08005e40   0x00000018   Code   RO         9512    i.USBD_CtlError     usbd_ctlreq.o
    0x08005e58   0x08005e58   0x0000001e   Code   RO         9626    i.USBD_CtlPrepareRx  usbd_ioreq.o
    0x08005e76   0x08005e76   0x00000016   Code   RO         9627    i.USBD_CtlReceiveStatus  usbd_ioreq.o
    0x08005e8c   0x08005e8c   0x0000001a   Code   RO         9628    i.USBD_CtlSendData  usbd_ioreq.o
    0x08005ea6   0x08005ea6   0x00000016   Code   RO         9629    i.USBD_CtlSendStatus  usbd_ioreq.o
    0x08005ebc   0x08005ebc   0x0000003c   Code   RO         9330    i.USBD_GetEpDesc    usbd_core.o
    0x08005ef8   0x08005ef8   0x0000000e   Code   RO         9331    i.USBD_GetNextDesc  usbd_core.o
    0x08005f06   0x08005f06   0x00000044   Code   RO         9513    i.USBD_GetString    usbd_ctlreq.o
    0x08005f4a   0x08005f4a   0x00000028   Code   RO         9332    i.USBD_Init         usbd_core.o
    0x08005f72   0x08005f72   0x00000012   Code   RO         9101    i.USBD_LL_ClearStallEP  usbd_conf.o
    0x08005f84   0x08005f84   0x00000012   Code   RO         9102    i.USBD_LL_CloseEP   usbd_conf.o
    0x08005f96   0x08005f96   0x000000dc   Code   RO         9333    i.USBD_LL_DataInStage  usbd_core.o
    0x08006072   0x08006072   0x000000d0   Code   RO         9334    i.USBD_LL_DataOutStage  usbd_core.o
    0x08006142   0x08006142   0x00000004   Code   RO         9335    i.USBD_LL_DevConnected  usbd_core.o
    0x08006146   0x08006146   0x00000020   Code   RO         9336    i.USBD_LL_DevDisconnected  usbd_core.o
    0x08006166   0x08006166   0x00000008   Code   RO         9106    i.USBD_LL_GetRxDataSize  usbd_conf.o
    0x0800616e   0x0800616e   0x00000002   PAD
    0x08006170   0x08006170   0x00000060   Code   RO         9107    i.USBD_LL_Init      usbd_conf.o
    0x080061d0   0x080061d0   0x00000020   Code   RO         9108    i.USBD_LL_IsStallEP  usbd_conf.o
    0x080061f0   0x080061f0   0x0000002a   Code   RO         9337    i.USBD_LL_IsoINIncomplete  usbd_core.o
    0x0800621a   0x0800621a   0x0000002a   Code   RO         9338    i.USBD_LL_IsoOUTIncomplete  usbd_core.o
    0x08006244   0x08006244   0x00000018   Code   RO         9109    i.USBD_LL_OpenEP    usbd_conf.o
    0x0800625c   0x0800625c   0x00000012   Code   RO         9110    i.USBD_LL_PrepareReceive  usbd_conf.o
    0x0800626e   0x0800626e   0x00000060   Code   RO         9339    i.USBD_LL_Reset     usbd_core.o
    0x080062ce   0x080062ce   0x00000014   Code   RO         9340    i.USBD_LL_Resume    usbd_core.o
    0x080062e2   0x080062e2   0x0000001a   Code   RO         9341    i.USBD_LL_SOF       usbd_core.o
    0x080062fc   0x080062fc   0x00000006   Code   RO         9342    i.USBD_LL_SetSpeed  usbd_core.o
    0x08006302   0x08006302   0x00000012   Code   RO         9111    i.USBD_LL_SetUSBAddress  usbd_conf.o
    0x08006314   0x08006314   0x00000064   Code   RO         9343    i.USBD_LL_SetupStage  usbd_core.o
    0x08006378   0x08006378   0x00000012   Code   RO         9112    i.USBD_LL_StallEP   usbd_conf.o
    0x0800638a   0x0800638a   0x00000012   Code   RO         9113    i.USBD_LL_Start     usbd_conf.o
    0x0800639c   0x0800639c   0x0000001a   Code   RO         9344    i.USBD_LL_Suspend   usbd_core.o
    0x080063b6   0x080063b6   0x00000012   Code   RO         9115    i.USBD_LL_Transmit  usbd_conf.o
    0x080063c8   0x080063c8   0x00000032   Code   RO         9514    i.USBD_ParseSetupRequest  usbd_ctlreq.o
    0x080063fa   0x080063fa   0x0000003a   Code   RO         9345    i.USBD_RegisterClass  usbd_core.o
    0x08006434   0x08006434   0x00000004   Code   RO         9346    i.USBD_RunTestMode  usbd_core.o
    0x08006438   0x08006438   0x00000014   Code   RO         9347    i.USBD_SetClassConfig  usbd_core.o
    0x0800644c   0x0800644c   0x00000004   Code   RO         9348    i.USBD_Start        usbd_core.o
    0x08006450   0x08006450   0x00000076   Code   RO         9515    i.USBD_StdDevReq    usbd_ctlreq.o
    0x080064c6   0x080064c6   0x0000022e   Code   RO         9516    i.USBD_StdEPReq     usbd_ctlreq.o
    0x080066f4   0x080066f4   0x0000008e   Code   RO         9517    i.USBD_StdItfReq    usbd_ctlreq.o
    0x08006782   0x08006782   0x00000002   Code   RO         9116    i.USBD_static_free  usbd_conf.o
    0x08006784   0x08006784   0x00000008   Code   RO         9117    i.USBD_static_malloc  usbd_conf.o
    0x0800678c   0x0800678c   0x000000d0   Code   RO         1342    i.USB_ActivateEndpoint  stm32f4xx_ll_usb.o
    0x0800685c   0x0800685c   0x00000028   Code   RO         1344    i.USB_ActivateSetup  stm32f4xx_ll_usb.o
    0x08006884   0x08006884   0x0000008c   Code   RO         1346    i.USB_CoreInit      stm32f4xx_ll_usb.o
    0x08006910   0x08006910   0x0000014c   Code   RO         1349    i.USB_DeactivateEndpoint  stm32f4xx_ll_usb.o
    0x08006a5c   0x08006a5c   0x00000024   Code   RO         1350    i.USB_DevConnect    stm32f4xx_ll_usb.o
    0x08006a80   0x08006a80   0x00000024   Code   RO         1351    i.USB_DevDisconnect  stm32f4xx_ll_usb.o
    0x08006aa4   0x08006aa4   0x000001e8   Code   RO         1352    i.USB_DevInit       stm32f4xx_ll_usb.o
    0x08006c8c   0x08006c8c   0x0000000e   Code   RO         1353    i.USB_DisableGlobalInt  stm32f4xx_ll_usb.o
    0x08006c9a   0x08006c9a   0x00000002   PAD
    0x08006c9c   0x08006c9c   0x00000070   Code   RO         1356    i.USB_EP0_OutStart  stm32f4xx_ll_usb.o
    0x08006d0c   0x08006d0c   0x0000008e   Code   RO         1357    i.USB_EPClearStall  stm32f4xx_ll_usb.o
    0x08006d9a   0x08006d9a   0x0000009a   Code   RO         1358    i.USB_EPSetStall    stm32f4xx_ll_usb.o
    0x08006e34   0x08006e34   0x000003b4   Code   RO         1359    i.USB_EPStartXfer   stm32f4xx_ll_usb.o
    0x080071e8   0x080071e8   0x000000ec   Code   RO         1360    i.USB_EPStopXfer    stm32f4xx_ll_usb.o
    0x080072d4   0x080072d4   0x0000000e   Code   RO         1361    i.USB_EnableGlobalInt  stm32f4xx_ll_usb.o
    0x080072e2   0x080072e2   0x00000050   Code   RO         1362    i.USB_FlushRxFifo   stm32f4xx_ll_usb.o
    0x08007332   0x08007332   0x00000054   Code   RO         1363    i.USB_FlushTxFifo   stm32f4xx_ll_usb.o
    0x08007386   0x08007386   0x00000026   Code   RO         1365    i.USB_GetDevSpeed   stm32f4xx_ll_usb.o
    0x080073ac   0x080073ac   0x0000000a   Code   RO         1367    i.USB_GetMode       stm32f4xx_ll_usb.o
    0x080073b6   0x080073b6   0x00000014   Code   RO         1375    i.USB_ReadDevAllInEpInterrupt  stm32f4xx_ll_usb.o
    0x080073ca   0x080073ca   0x00000014   Code   RO         1376    i.USB_ReadDevAllOutEpInterrupt  stm32f4xx_ll_usb.o
    0x080073de   0x080073de   0x00000032   Code   RO         1377    i.USB_ReadDevInEPInterrupt  stm32f4xx_ll_usb.o
    0x08007410   0x08007410   0x0000001a   Code   RO         1378    i.USB_ReadDevOutEPInterrupt  stm32f4xx_ll_usb.o
    0x0800742a   0x0800742a   0x0000000a   Code   RO         1379    i.USB_ReadInterrupts  stm32f4xx_ll_usb.o
    0x08007434   0x08007434   0x00000060   Code   RO         1380    i.USB_ReadPacket    stm32f4xx_ll_usb.o
    0x08007494   0x08007494   0x00000068   Code   RO         1382    i.USB_SetCurrentMode  stm32f4xx_ll_usb.o
    0x080074fc   0x080074fc   0x0000002a   Code   RO         1383    i.USB_SetDevAddress  stm32f4xx_ll_usb.o
    0x08007526   0x08007526   0x00000012   Code   RO         1384    i.USB_SetDevSpeed   stm32f4xx_ll_usb.o
    0x08007538   0x08007538   0x000000e8   Code   RO         1385    i.USB_SetTurnaroundTime  stm32f4xx_ll_usb.o
    0x08007620   0x08007620   0x00000044   Code   RO         1388    i.USB_WritePacket   stm32f4xx_ll_usb.o
    0x08007664   0x08007664   0x00000004   Code   RO          687    i.UsageFault_Handler  stm32f4xx_it.o
    0x08007668   0x08007668   0x00000028   Code   RO         6601    i._Z10LED_ALL_ONv   led.o
    0x08007690   0x08007690   0x0000009c   Code   RO         7705    i._Z11usart3_initPhS_t  bsp_usart.o
    0x0800772c   0x0800772c   0x00000036   Code   RO         7320    i._Z12can_sendDataP17CAN_HandleTypeDefjPht  bsp_can.o
    0x08007762   0x08007762   0x00000028   Code   RO         7520    i._Z12iic_readDataP17I2C_HandleTypeDeftttPht  bsp_iic.o
    0x0800778a   0x0800778a   0x00000064   Code   RO         7562    i._Z12spi_readDataP19__SPI_HandleTypeDefPhh13SPI_WORK_MODE  bsp_spi.o
    0x080077ee   0x080077ee   0x00000062   Code   RO         7563    i._Z12spi_sendDataP19__SPI_HandleTypeDefPhh13SPI_WORK_MODE  bsp_spi.o
    0x08007850   0x08007850   0x0000004c   Code   RO         7393    i._Z13DWT_GetDeltaTPj  bsp_dwt.o
    0x0800789c   0x0800789c   0x00000028   Code   RO         7521    i._Z13iic_writeDataP17I2C_HandleTypeDeftttPht  bsp_iic.o
    0x080078c4   0x080078c4   0x0000003c   Code   RO           15    i._Z15EnableSystickITv  main.o
    0x08007900   0x08007900   0x0000005c   Code   RO         7321    i._Z15can_filter_initv  bsp_can.o
    0x0800795c   0x0800795c   0x00000082   Code   RO         7605    i._Z16PWM_SetDutyRatioP17TIM_HandleTypeDeffj  bsp_pwm.o
    0x080079de   0x080079de   0x00000002   PAD
    0x080079e0   0x080079e0   0x0000070c   Code   RO         6772    i._Z18Kalman_Filter_InitP4kf_thhh  kalman_filter.o
    0x080080ec   0x080080ec   0x000000d2   Code   RO         6773    i._Z18Kalman_Filter_SetKP4kf_t  kalman_filter.o
    0x080081be   0x080081be   0x00000002   PAD
    0x080081c0   0x080081c0   0x000000b4   Code   RO           16    i._Z18SystemClock_Configv  main.o
    0x08008274   0x08008274   0x00000024   Code   RO         9118    i._Z19USBD_Get_USB_Status17HAL_StatusTypeDef  usbd_conf.o
    0x08008298   0x08008298   0x00000014   Code   RO         6141    i._Z19remote_control_initv  remotecontrol.o
    0x080082ac   0x080082ac   0x00000128   Code   RO         6774    i._Z20Kalman_Filter_UpdateP4kf_t  kalman_filter.o
    0x080083d4   0x080083d4   0x00000050   Code   RO         6775    i._Z21Kalman_Filter_MeasureP4kf_t  kalman_filter.o
    0x08008424   0x08008424   0x00000118   Code   RO         6865    i._Z22IMU_QuaternionEKF_InitPffffff  quaternionekf.o
    0x0800853c   0x0800853c   0x00000068   Code   RO         6776    i._Z22Kalman_Filter_P_UpdateP4kf_t  kalman_filter.o
    0x080085a4   0x080085a4   0x00000008   Code   RO         6142    i._Z22get_remote_control_rawv  remotecontrol.o
    0x080085ac   0x080085ac   0x0000060c   Code   RO         6866    i._Z24IMU_QuaternionEKF_Updatefffffff  quaternionekf.o
    0x08008bb8   0x08008bb8   0x00000086   Code   RO         6777    i._Z24Kalman_Filter_xhatUpdateP4kf_t  kalman_filter.o
    0x08008c3e   0x08008c3e   0x00000002   PAD
    0x08008c40   0x08008c40   0x0000000c   Code   RO         8925    i._Z24USBD_FS_DeviceDescriptor17USBD_SpeedTypeDefPt  usbd_desc.o
    0x08008c4c   0x08008c4c   0x00000068   Code   RO         6778    i._Z26Kalman_Filter_PminusUpdateP4kf_t  kalman_filter.o
    0x08008cb4   0x08008cb4   0x00000030   Code   RO         8926    i._Z27USBD_FS_ConfigStrDescriptor17USBD_SpeedTypeDefPt  usbd_desc.o
    0x08008ce4   0x08008ce4   0x0000000c   Code   RO         8927    i._Z27USBD_FS_LangIDStrDescriptor17USBD_SpeedTypeDefPt  usbd_desc.o
    0x08008cf0   0x08008cf0   0x00000014   Code   RO         8928    i._Z27USBD_FS_SerialStrDescriptor17USBD_SpeedTypeDefPt  usbd_desc.o
    0x08008d04   0x08008d04   0x00000124   Code   RO         6143    i._Z27process_remote_control_datav  remotecontrol.o
    0x08008e28   0x08008e28   0x0000003c   Code   RO         8929    i._Z28USBD_FS_ProductStrDescriptor17USBD_SpeedTypeDefPt  usbd_desc.o
    0x08008e64   0x08008e64   0x0000007c   Code   RO         6779    i._Z29Kalman_Filter_xhatMinusUpdateP4kf_t  kalman_filter.o
    0x08008ee0   0x08008ee0   0x00000034   Code   RO         8930    i._Z30USBD_FS_InterfaceStrDescriptor17USBD_SpeedTypeDefPt  usbd_desc.o
    0x08008f14   0x08008f14   0x00000028   Code   RO         8931    i._Z33USBD_FS_ManufacturerStrDescriptor17USBD_SpeedTypeDefPt  usbd_desc.o
    0x08008f3c   0x08008f3c   0x0000000c   Code   RO         9696    i._Z37USBD_CDC_GetDeviceQualifierDescriptorPt  usbd_cdc.o
    0x08008f48   0x08008f48   0x00000068   Code   RO         6954    i._Z4Sqrtf          user_lib.o
    0x08008fb0   0x08008fb0   0x00000026   Code   RO         6956    i._Z5Dot3dPfS_      user_lib.o
    0x08008fd6   0x08008fd6   0x00000054   Code   RO         6957    i._Z6Norm3dPf       user_lib.o
    0x0800902a   0x0800902a   0x00000056   Code   RO         6958    i._Z7Cross3dPfS_S_  user_lib.o
    0x08009080   0x08009080   0x00000070   Code   RO         7399    i._Z8DWT_Initj      bsp_dwt.o
    0x080090f0   0x080090f0   0x00000012   Code   RO         7291    i._Z8bsp_initv      bsp.o
    0x08009102   0x08009102   0x00000002   PAD
    0x08009104   0x08009104   0x0000003c   Code   RO         7400    i._Z9DWT_Delayf     bsp_dwt.o
    0x08009140   0x08009140   0x00000010   Code   RO         7608    i._Z9PWM_StartP17TIM_HandleTypeDefj  bsp_pwm.o
    0x08009150   0x08009150   0x00000048   Code   RO         7479    i._Z9gpio_initv     bsp_gpio.o
    0x08009198   0x08009198   0x0000000c   Code   RO          172    i._ZN10ControllerC2Ev  main.o
    0x080091a4   0x080091a4   0x0000000c   Code   RO          178    i._ZN12StateMachineC1Ev  main.o
    0x080091b0   0x080091b0   0x00000090   Code   RO         6343    i._ZN14GMMotorHandler13registerMotorEP7GMMotorP17CAN_HandleTypeDeft  gmmotorhandler.o
    0x08009240   0x08009240   0x00000120   Code   RO         6344    i._ZN14GMMotorHandler14processRawDataEP17CAN_HandleTypeDefPhi  gmmotorhandler.o
    0x08009360   0x08009360   0x0000021c   Code   RO         6345    i._ZN14GMMotorHandler14updateFeedbackEv  gmmotorhandler.o
    0x0800957c   0x0800957c   0x00000040   Code   RO         7365    i._ZN14GMMotorHandler8instanceEv  bsp_can.o
    0x080095bc   0x080095bc   0x00000080   Code   RO         6347    i._ZN14GMMotorHandlerC1Ev  gmmotorhandler.o
    0x0800963c   0x0800963c   0x00000002   Code   RO         6348    i._ZN14GMMotorHandlerD1Ev  gmmotorhandler.o
    0x0800963e   0x0800963e   0x00000002   PAD
    0x08009640   0x08009640   0x00000044   Code   RO         7214    i._ZN14LKMotorHandler13registerMotorEP7LKMotorP17CAN_HandleTypeDeft  lkmotorhandler.o
    0x08009684   0x08009684   0x00000124   Code   RO         7215    i._ZN14LKMotorHandler14processRawDataEP17CAN_HandleTypeDefPhi  lkmotorhandler.o
    0x080097a8   0x080097a8   0x00000224   Code   RO         7216    i._ZN14LKMotorHandler14updateFeedbackEv  lkmotorhandler.o
    0x080099cc   0x080099cc   0x000000e0   Code   RO         7217    i._ZN14LKMotorHandler15sendControlDataEP17CAN_HandleTypeDefS1_  lkmotorhandler.o
    0x08009aac   0x08009aac   0x00000040   Code   RO         7359    i._ZN14LKMotorHandler8instanceEv  bsp_can.o
    0x08009aec   0x08009aec   0x00000070   Code   RO         7218    i._ZN14LKMotorHandlerC1Ev  lkmotorhandler.o
    0x08009b5c   0x08009b5c   0x00000002   Code   RO         7219    i._ZN14LKMotorHandlerD1Ev  lkmotorhandler.o
    0x08009b5e   0x08009b5e   0x00000002   PAD
    0x08009b60   0x08009b60   0x0000008c   Code   RO         7830    i._ZN16GimbalController4initEv  gimbalcontroller.o
    0x08009bec   0x08009bec   0x000000c8   Code   RO          160    i._ZN16GimbalControllerC1Ev  main.o
    0x08009cb4   0x08009cb4   0x0000006c   Code   RO          196    i._ZN16GimbalControllerD1Ev  main.o
    0x08009d20   0x08009d20   0x000000a0   Code   RO         8588    i._ZN17BalanceController3runEv  balancecontroller.o
    0x08009dc0   0x08009dc0   0x0000004c   Code   RO         8589    i._ZN17BalanceController4initEv  balancecontroller.o
    0x08009e0c   0x08009e0c   0x00000104   Code   RO          166    i._ZN17BalanceControllerC1Ev  main.o
    0x08009f10   0x08009f10   0x0000006c   Code   RO          208    i._ZN17BalanceControllerD1Ev  main.o
    0x08009f7c   0x08009f7c   0x0000001e   Code   RO         8759    i._ZN17BalanceStateRelax3runEv  balancestaterelax.o
    0x08009f9a   0x08009f9a   0x00000002   Code   RO         8760    i._ZN17BalanceStateRelax4exitEv  balancestaterelax.o
    0x08009f9c   0x08009f9c   0x00000020   Code   RO         8761    i._ZN17BalanceStateRelax4initEv  balancestaterelax.o
    0x08009fbc   0x08009fbc   0x00000008   Code   RO         8762    i._ZN17BalanceStateRelax5enterEv  balancestaterelax.o
    0x08009fc4   0x08009fc4   0x0000000e   Code   RO         8763    i._ZN17BalanceStateRelax7executeEv  balancestaterelax.o
    0x08009fd2   0x08009fd2   0x0000010c   Code   RO         5960    i._ZN17BoardConnectivity28BoardConnectivity_Add2MemoryEPhttNS_21BoardConnectivityTypeENS_26BoardConnectivityDirectionE  boardconnectivity.o
    0x0800a0de   0x0800a0de   0x0000000c   Code   RO         5962    i._ZN17BoardConnectivity28BoardConnectivity_Float2ByteEfPh  boardconnectivity.o
    0x0800a0ea   0x0800a0ea   0x00000044   Code   RO         5963    i._ZN17BoardConnectivity4initEv  boardconnectivity.o
    0x0800a12e   0x0800a12e   0x00000002   PAD
    0x0800a130   0x0800a130   0x00000040   Code   RO         8322    i._ZN17BoardConnectivity8instanceEv  chassisstaterelax.o
    0x0800a170   0x0800a170   0x0000000e   Code   RO         5964    i._ZN17BoardConnectivityC1Ev  boardconnectivity.o
    0x0800a17e   0x0800a17e   0x0000004e   Code   RO         5965    i._ZN17BoardConnectivityD1Ev  boardconnectivity.o
    0x0800a1cc   0x0800a1cc   0x0000000e   Code   RO         8222    i._ZN17ChassisController4initEv  chassiscontroller.o
    0x0800a1da   0x0800a1da   0x00000002   PAD
    0x0800a1dc   0x0800a1dc   0x000000b4   Code   RO          154    i._ZN17ChassisControllerC1Ev  main.o
    0x0800a290   0x0800a290   0x00000034   Code   RO          184    i._ZN17ChassisControllerD1Ev  main.o
    0x0800a2c4   0x0800a2c4   0x000000ac   Code   RO         8279    i._ZN17ChassisStateRelax4initEv  chassisstaterelax.o
    0x0800a370   0x0800a370   0x000000d4   Code   RO         8551    i._ZN17ShooterController4initEv  shootercontroller.o
    0x0800a444   0x0800a444   0x00000074   Code   RO          202    i._ZN17ShooterController8instanceEv  main.o
    0x0800a4b8   0x0800a4b8   0x00000038   Code   RO          220    i._ZN17ShooterControllerD1Ev  main.o
    0x0800a4f0   0x0800a4f0   0x0000001e   Code   RO         8814    i._ZN19BalanceStandControl3runEv  balancestandcontrol.o
    0x0800a50e   0x0800a50e   0x00000002   Code   RO         8815    i._ZN19BalanceStandControl4exitEv  balancestandcontrol.o
    0x0800a510   0x0800a510   0x00000134   Code   RO         8816    i._ZN19BalanceStandControl4initEv  balancestandcontrol.o
    0x0800a644   0x0800a644   0x0000001e   Code   RO         8817    i._ZN19BalanceStandControl5enterEv  balancestandcontrol.o
    0x0800a662   0x0800a662   0x000000b6   Code   RO         8818    i._ZN19BalanceStandControl7executeEv  balancestandcontrol.o
    0x0800a718   0x0800a718   0x0000001e   Code   RO         8641    i._ZN20BalanceRemoteControl3runEv  balanceremotecontrol.o
    0x0800a736   0x0800a736   0x00000002   Code   RO         8642    i._ZN20BalanceRemoteControl4exitEv  balanceremotecontrol.o
    0x0800a738   0x0800a738   0x00000104   Code   RO         8643    i._ZN20BalanceRemoteControl4initEv  balanceremotecontrol.o
    0x0800a83c   0x0800a83c   0x000000b4   Code   RO         8644    i._ZN20BalanceRemoteControl5enterEv  balanceremotecontrol.o
    0x0800a8f0   0x0800a8f0   0x000000ba   Code   RO         8645    i._ZN20BalanceRemoteControl7executeEv  balanceremotecontrol.o
    0x0800a9aa   0x0800a9aa   0x00000002   PAD
    0x0800a9ac   0x0800a9ac   0x00000020   Code   RO           17    i._ZN27_INTERNAL_6_main_c_29f4d46e11MX_CRC_InitEv  main.o
    0x0800a9cc   0x0800a9cc   0x00000078   Code   RO           18    i._ZN27_INTERNAL_6_main_c_29f4d46e11MX_DMA_InitEv  main.o
    0x0800aa44   0x0800aa44   0x00000044   Code   RO           19    i._ZN27_INTERNAL_6_main_c_29f4d46e12MX_CAN1_InitEv  main.o
    0x0800aa88   0x0800aa88   0x00000044   Code   RO           20    i._ZN27_INTERNAL_6_main_c_29f4d46e12MX_CAN2_InitEv  main.o
    0x0800aacc   0x0800aacc   0x000001d0   Code   RO           21    i._ZN27_INTERNAL_6_main_c_29f4d46e12MX_GPIO_InitEv  main.o
    0x0800ac9c   0x0800ac9c   0x0000003c   Code   RO           22    i._ZN27_INTERNAL_6_main_c_29f4d46e12MX_I2C3_InitEv  main.o
    0x0800acd8   0x0800acd8   0x00000048   Code   RO           23    i._ZN27_INTERNAL_6_main_c_29f4d46e12MX_SPI1_InitEv  main.o
    0x0800ad20   0x0800ad20   0x0000010c   Code   RO           24    i._ZN27_INTERNAL_6_main_c_29f4d46e12MX_TIM1_InitEv  main.o
    0x0800ae2c   0x0800ae2c   0x0000006c   Code   RO           25    i._ZN27_INTERNAL_6_main_c_29f4d46e12MX_TIM2_InitEv  main.o
    0x0800ae98   0x0800ae98   0x0000007c   Code   RO           26    i._ZN27_INTERNAL_6_main_c_29f4d46e12MX_TIM4_InitEv  main.o
    0x0800af14   0x0800af14   0x0000006c   Code   RO           27    i._ZN27_INTERNAL_6_main_c_29f4d46e12MX_TIM5_InitEv  main.o
    0x0800af80   0x0800af80   0x0000010c   Code   RO           28    i._ZN27_INTERNAL_6_main_c_29f4d46e12MX_TIM8_InitEv  main.o
    0x0800b08c   0x0800b08c   0x0000006c   Code   RO           29    i._ZN27_INTERNAL_6_main_c_29f4d46e13MX_TIM10_InitEv  main.o
    0x0800b0f8   0x0800b0f8   0x00000040   Code   RO           30    i._ZN27_INTERNAL_6_main_c_29f4d46e19MX_USART3_UART_InitEv  main.o
    0x0800b138   0x0800b138   0x0000004c   Code   RO         7401    i._ZN30_INTERNAL_9_bsp_dwt_c_0df8e53f14DWT_CNT_UpdateEv  bsp_dwt.o
    0x0800b184   0x0800b184   0x00000160   Code   RO         9697    i._ZN32_INTERNAL_10_usbd_cdc_c_USBD_CDC13USBD_CDC_InitEP19_USBD_HandleTypeDefh  usbd_cdc.o
    0x0800b2e4   0x0800b2e4   0x00000110   Code   RO         9698    i._ZN32_INTERNAL_10_usbd_cdc_c_USBD_CDC14USBD_CDC_SetupEP19_USBD_HandleTypeDefP13usb_setup_req  usbd_cdc.o
    0x0800b3f4   0x0800b3f4   0x00000078   Code   RO         9699    i._ZN32_INTERNAL_10_usbd_cdc_c_USBD_CDC15USBD_CDC_DataInEP19_USBD_HandleTypeDefh  usbd_cdc.o
    0x0800b46c   0x0800b46c   0x00000094   Code   RO         9700    i._ZN32_INTERNAL_10_usbd_cdc_c_USBD_CDC15USBD_CDC_DeInitEP19_USBD_HandleTypeDefh  usbd_cdc.o
    0x0800b500   0x0800b500   0x0000003e   Code   RO         9701    i._ZN32_INTERNAL_10_usbd_cdc_c_USBD_CDC16USBD_CDC_DataOutEP19_USBD_HandleTypeDefh  usbd_cdc.o
    0x0800b53e   0x0800b53e   0x00000038   Code   RO         9702    i._ZN32_INTERNAL_10_usbd_cdc_c_USBD_CDC20USBD_CDC_EP0_RxReadyEP19_USBD_HandleTypeDef  usbd_cdc.o
    0x0800b576   0x0800b576   0x00000002   PAD
    0x0800b578   0x0800b578   0x0000003c   Code   RO         9703    i._ZN32_INTERNAL_10_usbd_cdc_c_USBD_CDC21USBD_CDC_GetFSCfgDescEPt  usbd_cdc.o
    0x0800b5b4   0x0800b5b4   0x00000040   Code   RO         9704    i._ZN32_INTERNAL_10_usbd_cdc_c_USBD_CDC21USBD_CDC_GetHSCfgDescEPt  usbd_cdc.o
    0x0800b5f4   0x0800b5f4   0x0000003c   Code   RO         9705    i._ZN32_INTERNAL_10_usbd_cdc_c_USBD_CDC29USBD_CDC_GetOtherSpeedCfgDescEPt  usbd_cdc.o
    0x0800b630   0x0800b630   0x0000003e   Code   RO         8932    i._ZN32_INTERNAL_11_usbd_desc_c_FS_Desc12IntToUnicodeEjPhh  usbd_desc.o
    0x0800b66e   0x0800b66e   0x00000002   PAD
    0x0800b670   0x0800b670   0x00000038   Code   RO         8933    i._ZN32_INTERNAL_11_usbd_desc_c_FS_Desc13Get_SerialNumEv  usbd_desc.o
    0x0800b6a8   0x0800b6a8   0x00000024   Code   RO         9026    i._ZN35_INTERNAL_13_usbd_cdc_if_c_52eaf01611CDC_Init_FSEv  usbd_cdc_if.o
    0x0800b6cc   0x0800b6cc   0x00000004   Code   RO         9027    i._ZN35_INTERNAL_13_usbd_cdc_if_c_52eaf01613CDC_DeInit_FSEv  usbd_cdc_if.o
    0x0800b6d0   0x0800b6d0   0x00000008   Code   RO         9028    i._ZN35_INTERNAL_13_usbd_cdc_if_c_52eaf01614CDC_Control_FSEhPht  usbd_cdc_if.o
    0x0800b6d8   0x0800b6d8   0x00000018   Code   RO         9029    i._ZN35_INTERNAL_13_usbd_cdc_if_c_52eaf01614CDC_Receive_FSEPhPj  usbd_cdc_if.o
    0x0800b6f0   0x0800b6f0   0x00000004   Code   RO         9030    i._ZN35_INTERNAL_13_usbd_cdc_if_c_52eaf01619CDC_TransmitCplt_FSEPhPjh  usbd_cdc_if.o
    0x0800b6f4   0x0800b6f4   0x00000018   Code   RO         9518    i._ZN35_INTERNAL_13_usbd_ctlreq_c_f346f8f111USBD_GetLenEPh  usbd_ctlreq.o
    0x0800b70c   0x0800b70c   0x00000034   Code   RO         9519    i._ZN35_INTERNAL_13_usbd_ctlreq_c_f346f8f114USBD_GetConfigEP19_USBD_HandleTypeDefP13usb_setup_req  usbd_ctlreq.o
    0x0800b740   0x0800b740   0x00000036   Code   RO         9520    i._ZN35_INTERNAL_13_usbd_ctlreq_c_f346f8f114USBD_GetStatusEP19_USBD_HandleTypeDefP13usb_setup_req  usbd_ctlreq.o
    0x0800b776   0x0800b776   0x00000002   PAD
    0x0800b778   0x0800b778   0x000000dc   Code   RO         9521    i._ZN35_INTERNAL_13_usbd_ctlreq_c_f346f8f114USBD_SetConfigEP19_USBD_HandleTypeDefP13usb_setup_req  usbd_ctlreq.o
    0x0800b854   0x0800b854   0x00000026   Code   RO         9522    i._ZN35_INTERNAL_13_usbd_ctlreq_c_f346f8f115USBD_ClrFeatureEP19_USBD_HandleTypeDefP13usb_setup_req  usbd_ctlreq.o
    0x0800b87a   0x0800b87a   0x00000058   Code   RO         9523    i._ZN35_INTERNAL_13_usbd_ctlreq_c_f346f8f115USBD_SetAddressEP19_USBD_HandleTypeDefP13usb_setup_req  usbd_ctlreq.o
    0x0800b8d2   0x0800b8d2   0x00000024   Code   RO         9524    i._ZN35_INTERNAL_13_usbd_ctlreq_c_f346f8f115USBD_SetFeatureEP19_USBD_HandleTypeDefP13usb_setup_req  usbd_ctlreq.o
    0x0800b8f6   0x0800b8f6   0x000001b4   Code   RO         9525    i._ZN35_INTERNAL_13_usbd_ctlreq_c_f346f8f118USBD_GetDescriptorEP19_USBD_HandleTypeDefP13usb_setup_req  usbd_ctlreq.o
    0x0800baaa   0x0800baaa   0x00000002   PAD
    0x0800baac   0x0800baac   0x00000128   Code   RO         6867    i._ZN37_INTERNAL_15_QuaternionEKF_c_6c8bd6af22IMU_QuaternionEKF_SetHEP4kf_t  quaternionekf.o
    0x0800bbd4   0x0800bbd4   0x00000034   Code   RO         6868    i._ZN37_INTERNAL_15_QuaternionEKF_c_6c8bd6af25IMU_QuaternionEKF_ObserveEP4kf_t  quaternionekf.o
    0x0800bc08   0x0800bc08   0x00000508   Code   RO         6869    i._ZN37_INTERNAL_15_QuaternionEKF_c_6c8bd6af28IMU_QuaternionEKF_xhatUpdateEP4kf_t  quaternionekf.o
    0x0800c110   0x0800c110   0x00000238   Code   RO         6870    i._ZN37_INTERNAL_15_QuaternionEKF_c_6c8bd6af42IMU_QuaternionEKF_F_Linearization_P_FadingEP4kf_t  quaternionekf.o
    0x0800c348   0x0800c348   0x0000003c   Code   RO         6871    i._ZN37_INTERNAL_15_QuaternionEKF_c_6c8bd6af7invSqrtEf  quaternionekf.o
    0x0800c384   0x0800c384   0x00000130   Code   RO         6780    i._ZN37_INTERNAL_15_kalman_filter_c_c2dd93ab16H_K_R_AdjustmentEP4kf_t  kalman_filter.o
    0x0800c4b4   0x0800c4b4   0x000000da   Code   RO         6144    i._ZN37_INTERNAL_15_remoteControl_c_d28b7d1910SBUS_TO_RCEPVKhP9RC_ctrl_t  remotecontrol.o
    0x0800c58e   0x0800c58e   0x00000136   Code   RO         7775    i._ZN3Pid12UpdateResultEv  pid.o
    0x0800c6c4   0x0800c6c4   0x0000000c   Code   RO         7776    i._ZN3Pid4InitEv    pid.o
    0x0800c6d0   0x0800c6d0   0x00000060   Code   RO         7777    i._ZN3Pid5ClearEv   pid.o
    0x0800c730   0x0800c730   0x00000054   Code   RO         7778    i._ZN3PidC1Ev       pid.o
    0x0800c784   0x0800c784   0x00000054   Code   RO         1389    i._ZN40_INTERNAL_18_stm32f4xx_ll_usb_c_832330cf13USB_CoreResetEP21USB_OTG_GlobalTypeDef  stm32f4xx_ll_usb.o
    0x0800c7d8   0x0800c7d8   0x0000002c   Code   RO         2282    i._ZN41_INTERNAL_19_stm32f4xx_hal_dma_c_c25f65ec13DMA_SetConfigEP19__DMA_HandleTypeDefjjj  stm32f4xx_hal_dma.o
    0x0800c804   0x0800c804   0x000000aa   Code   RO         2283    i._ZN41_INTERNAL_19_stm32f4xx_hal_dma_c_c25f65ec18DMA_CheckFifoParamEP19__DMA_HandleTypeDef  stm32f4xx_hal_dma.o
    0x0800c8ae   0x0800c8ae   0x00000002   PAD
    0x0800c8b0   0x0800c8b0   0x00000034   Code   RO         2284    i._ZN41_INTERNAL_19_stm32f4xx_hal_dma_c_c25f65ec23DMA_CalcBaseAndBitshiftEP19__DMA_HandleTypeDef  stm32f4xx_hal_dma.o
    0x0800c8e4   0x0800c8e4   0x00000160   Code   RO         3449    i._ZN41_INTERNAL_19_stm32f4xx_hal_i2c_c_0eb271f421I2C_RequestMemoryReadEP17I2C_HandleTypeDeftttjj  stm32f4xx_hal_i2c.o
    0x0800ca44   0x0800ca44   0x000000e0   Code   RO         3457    i._ZN41_INTERNAL_19_stm32f4xx_hal_i2c_c_0eb271f422I2C_RequestMemoryWriteEP17I2C_HandleTypeDeftttjj  stm32f4xx_hal_i2c.o
    0x0800cb24   0x0800cb24   0x0000003e   Code   RO         3458    i._ZN41_INTERNAL_19_stm32f4xx_hal_i2c_c_0eb271f423I2C_IsAcknowledgeFailedEP17I2C_HandleTypeDef  stm32f4xx_hal_i2c.o
    0x0800cb62   0x0800cb62   0x000000be   Code   RO         3460    i._ZN41_INTERNAL_19_stm32f4xx_hal_i2c_c_0eb271f426I2C_WaitOnFlagUntilTimeoutEP17I2C_HandleTypeDefj10FlagStatusjj  stm32f4xx_hal_i2c.o
    0x0800cc20   0x0800cc20   0x00000066   Code   RO         3462    i._ZN41_INTERNAL_19_stm32f4xx_hal_i2c_c_0eb271f429I2C_WaitOnBTFFlagUntilTimeoutEP17I2C_HandleTypeDefjj  stm32f4xx_hal_i2c.o
    0x0800cc86   0x0800cc86   0x00000066   Code   RO         3463    i._ZN41_INTERNAL_19_stm32f4xx_hal_i2c_c_0eb271f429I2C_WaitOnTXEFlagUntilTimeoutEP17I2C_HandleTypeDefjj  stm32f4xx_hal_i2c.o
    0x0800ccec   0x0800ccec   0x0000008a   Code   RO         3464    i._ZN41_INTERNAL_19_stm32f4xx_hal_i2c_c_0eb271f430I2C_WaitOnRXNEFlagUntilTimeoutEP17I2C_HandleTypeDefjj  stm32f4xx_hal_i2c.o
    0x0800cd76   0x0800cd76   0x000000fa   Code   RO         3467    i._ZN41_INTERNAL_19_stm32f4xx_hal_i2c_c_0eb271f439I2C_WaitOnMasterAddressFlagUntilTimeoutEP17I2C_HandleTypeDefjjj  stm32f4xx_hal_i2c.o
    0x0800ce70   0x0800ce70   0x000000b6   Code   RO         1049    i._ZN41_INTERNAL_19_stm32f4xx_hal_pcd_c_3a5cb0d320PCD_WriteEmptyTxFifoEP17PCD_HandleTypeDefj  stm32f4xx_hal_pcd.o
    0x0800cf26   0x0800cf26   0x00000002   PAD
    0x0800cf28   0x0800cf28   0x00000064   Code   RO         1050    i._ZN41_INTERNAL_19_stm32f4xx_hal_pcd_c_3a5cb0d325PCD_EP_OutSetupPacket_intEP17PCD_HandleTypeDefj  stm32f4xx_hal_pcd.o
    0x0800cf8c   0x0800cf8c   0x00000144   Code   RO         1051    i._ZN41_INTERNAL_19_stm32f4xx_hal_pcd_c_3a5cb0d325PCD_EP_OutXfrComplete_intEP17PCD_HandleTypeDefj  stm32f4xx_hal_pcd.o
    0x0800d0d0   0x0800d0d0   0x00000028   Code   RO         3992    i._ZN41_INTERNAL_19_stm32f4xx_hal_spi_c_5e7b22bd12SPI_DMAErrorEP19__DMA_HandleTypeDef  stm32f4xx_hal_spi.o
    0x0800d0f8   0x0800d0f8   0x00000024   Code   RO         3993    i._ZN41_INTERNAL_19_stm32f4xx_hal_spi_c_5e7b22bd14SPI_RxISR_8BITEP19__SPI_HandleTypeDef  stm32f4xx_hal_spi.o
    0x0800d11c   0x0800d11c   0x00000024   Code   RO         3994    i._ZN41_INTERNAL_19_stm32f4xx_hal_spi_c_5e7b22bd14SPI_TxISR_8BITEP19__SPI_HandleTypeDef  stm32f4xx_hal_spi.o
    0x0800d140   0x0800d140   0x0000005e   Code   RO         3997    i._ZN41_INTERNAL_19_stm32f4xx_hal_spi_c_5e7b22bd15SPI_CloseRx_ISREP19__SPI_HandleTypeDef  stm32f4xx_hal_spi.o
    0x0800d19e   0x0800d19e   0x00000002   PAD
    0x0800d1a0   0x0800d1a0   0x000000a0   Code   RO         3998    i._ZN41_INTERNAL_19_stm32f4xx_hal_spi_c_5e7b22bd15SPI_CloseTx_ISREP19__SPI_HandleTypeDef  stm32f4xx_hal_spi.o
    0x0800d240   0x0800d240   0x00000024   Code   RO         3999    i._ZN41_INTERNAL_19_stm32f4xx_hal_spi_c_5e7b22bd15SPI_RxISR_16BITEP19__SPI_HandleTypeDef  stm32f4xx_hal_spi.o
    0x0800d264   0x0800d264   0x00000024   Code   RO         4000    i._ZN41_INTERNAL_19_stm32f4xx_hal_spi_c_5e7b22bd15SPI_TxISR_16BITEP19__SPI_HandleTypeDef  stm32f4xx_hal_spi.o
    0x0800d288   0x0800d288   0x000000bc   Code   RO         4001    i._ZN41_INTERNAL_19_stm32f4xx_hal_spi_c_5e7b22bd17SPI_CloseRxTx_ISREP19__SPI_HandleTypeDef  stm32f4xx_hal_spi.o
    0x0800d344   0x0800d344   0x0000007c   Code   RO         4002    i._ZN41_INTERNAL_19_stm32f4xx_hal_spi_c_5e7b22bd18SPI_DMAReceiveCpltEP19__DMA_HandleTypeDef  stm32f4xx_hal_spi.o
    0x0800d3c0   0x0800d3c0   0x00000080   Code   RO         4004    i._ZN41_INTERNAL_19_stm32f4xx_hal_spi_c_5e7b22bd19SPI_DMATransmitCpltEP19__DMA_HandleTypeDef  stm32f4xx_hal_spi.o
    0x0800d440   0x0800d440   0x00000034   Code   RO         4005    i._ZN41_INTERNAL_19_stm32f4xx_hal_spi_c_5e7b22bd20SPI_2linesRxISR_8BITEP19__SPI_HandleTypeDef  stm32f4xx_hal_spi.o
    0x0800d474   0x0800d474   0x00000034   Code   RO         4006    i._ZN41_INTERNAL_19_stm32f4xx_hal_spi_c_5e7b22bd20SPI_2linesTxISR_8BITEP19__SPI_HandleTypeDef  stm32f4xx_hal_spi.o
    0x0800d4a8   0x0800d4a8   0x00000094   Code   RO         4007    i._ZN41_INTERNAL_19_stm32f4xx_hal_spi_c_5e7b22bd20SPI_EndRxTransactionEP19__SPI_HandleTypeDefjj  stm32f4xx_hal_spi.o
    0x0800d53c   0x0800d53c   0x00000034   Code   RO         4008    i._ZN41_INTERNAL_19_stm32f4xx_hal_spi_c_5e7b22bd21SPI_2linesRxISR_16BITEP19__SPI_HandleTypeDef  stm32f4xx_hal_spi.o
    0x0800d570   0x0800d570   0x00000034   Code   RO         4009    i._ZN41_INTERNAL_19_stm32f4xx_hal_spi_c_5e7b22bd21SPI_2linesTxISR_16BITEP19__SPI_HandleTypeDef  stm32f4xx_hal_spi.o
    0x0800d5a4   0x0800d5a4   0x0000000e   Code   RO         4010    i._ZN41_INTERNAL_19_stm32f4xx_hal_spi_c_5e7b22bd22SPI_DMAHalfReceiveCpltEP19__DMA_HandleTypeDef  stm32f4xx_hal_spi.o
    0x0800d5b2   0x0800d5b2   0x00000002   PAD
    0x0800d5b4   0x0800d5b4   0x00000088   Code   RO         4013    i._ZN41_INTERNAL_19_stm32f4xx_hal_spi_c_5e7b22bd22SPI_EndRxTxTransactionEP19__SPI_HandleTypeDefjj  stm32f4xx_hal_spi.o
    0x0800d63c   0x0800d63c   0x0000000e   Code   RO         4014    i._ZN41_INTERNAL_19_stm32f4xx_hal_spi_c_5e7b22bd23SPI_DMAHalfTransmitCpltEP19__DMA_HandleTypeDef  stm32f4xx_hal_spi.o
    0x0800d64a   0x0800d64a   0x00000068   Code   RO         4015    i._ZN41_INTERNAL_19_stm32f4xx_hal_spi_c_5e7b22bd26SPI_DMATransmitReceiveCpltEP19__DMA_HandleTypeDef  stm32f4xx_hal_spi.o
    0x0800d6b2   0x0800d6b2   0x00000002   PAD
    0x0800d6b4   0x0800d6b4   0x000000d8   Code   RO         4016    i._ZN41_INTERNAL_19_stm32f4xx_hal_spi_c_5e7b22bd29SPI_WaitFlagStateUntilTimeoutEP19__SPI_HandleTypeDefj10FlagStatusjj  stm32f4xx_hal_spi.o
    0x0800d78c   0x0800d78c   0x0000000e   Code   RO         4017    i._ZN41_INTERNAL_19_stm32f4xx_hal_spi_c_5e7b22bd30SPI_DMAHalfTransmitReceiveCpltEP19__DMA_HandleTypeDef  stm32f4xx_hal_spi.o
    0x0800d79a   0x0800d79a   0x00000002   PAD
    0x0800d79c   0x0800d79c   0x00000070   Code   RO         4444    i._ZN41_INTERNAL_19_stm32f4xx_hal_tim_c_a9d95b5217TIM_OC1_SetConfigEP11TIM_TypeDefPK18TIM_OC_InitTypeDef  stm32f4xx_hal_tim.o
    0x0800d80c   0x0800d80c   0x00000078   Code   RO         4445    i._ZN41_INTERNAL_19_stm32f4xx_hal_tim_c_a9d95b5217TIM_OC3_SetConfigEP11TIM_TypeDefPK18TIM_OC_InitTypeDef  stm32f4xx_hal_tim.o
    0x0800d884   0x0800d884   0x00000054   Code   RO         4446    i._ZN41_INTERNAL_19_stm32f4xx_hal_tim_c_a9d95b5217TIM_OC4_SetConfigEP11TIM_TypeDefPK18TIM_OC_InitTypeDef  stm32f4xx_hal_tim.o
    0x0800d8d8   0x0800d8d8   0x00000012   Code   RO         4451    i._ZN41_INTERNAL_19_stm32f4xx_hal_tim_c_a9d95b5218TIM_ITRx_SetConfigEP11TIM_TypeDefj  stm32f4xx_hal_tim.o
    0x0800d8ea   0x0800d8ea   0x00000026   Code   RO         4456    i._ZN41_INTERNAL_19_stm32f4xx_hal_tim_c_a9d95b5224TIM_TI1_ConfigInputStageEP11TIM_TypeDefjj  stm32f4xx_hal_tim.o
    0x0800d910   0x0800d910   0x00000028   Code   RO         4457    i._ZN41_INTERNAL_19_stm32f4xx_hal_tim_c_a9d95b5224TIM_TI2_ConfigInputStageEP11TIM_TypeDefjj  stm32f4xx_hal_tim.o
    0x0800d938   0x0800d938   0x0000022c   Code   RO         5531    i._ZN42_INTERNAL_20_stm32f4xx_hal_uart_c_d497114f14UART_SetConfigEP20__UART_HandleTypeDef  stm32f4xx_hal_uart.o
    0x0800db64   0x0800db64   0x000000fc   Code   RO         5532    i._ZN42_INTERNAL_20_stm32f4xx_hal_uart_c_d497114f15UART_Receive_ITEP20__UART_HandleTypeDef  stm32f4xx_hal_uart.o
    0x0800dc60   0x0800dc60   0x00000060   Code   RO         5533    i._ZN42_INTERNAL_20_stm32f4xx_hal_uart_c_d497114f16UART_Transmit_ITEP20__UART_HandleTypeDef  stm32f4xx_hal_uart.o
    0x0800dcc0   0x0800dcc0   0x0000006c   Code   RO         5536    i._ZN42_INTERNAL_20_stm32f4xx_hal_uart_c_d497114f18UART_EndRxTransferEP20__UART_HandleTypeDef  stm32f4xx_hal_uart.o
    0x0800dd2c   0x0800dd2c   0x00000020   Code   RO         5539    i._ZN42_INTERNAL_20_stm32f4xx_hal_uart_c_d497114f19UART_EndTransmit_ITEP20__UART_HandleTypeDef  stm32f4xx_hal_uart.o
    0x0800dd4c   0x0800dd4c   0x00000014   Code   RO         5540    i._ZN42_INTERNAL_20_stm32f4xx_hal_uart_c_d497114f20UART_DMAAbortOnErrorEP19__DMA_HandleTypeDef  stm32f4xx_hal_uart.o
    0x0800dd60   0x0800dd60   0x00000028   Code   RO         2607    i._ZN44_INTERNAL_22_stm32f4xx_hal_cortex_c_2992dbc018__NVIC_SetPriorityE9IRQn_Typej  stm32f4xx_hal_cortex.o
    0x0800dd88   0x0800dd88   0x00000010   Code   RO         2608    i._ZN44_INTERNAL_22_stm32f4xx_hal_cortex_c_2992dbc026__NVIC_GetPriorityGroupingEv  stm32f4xx_hal_cortex.o
    0x0800dd98   0x0800dd98   0x000001cc   Code   RO         6671    i._ZN4AHRS11AHRS_UpdateEv  ahrs.o
    0x0800df64   0x0800df64   0x00000130   Code   RO         6734    i._ZN4AHRS14InitQuaternionEPf  ahrs.o
    0x0800e094   0x0800e094   0x0000015a   Code   RO         6673    i._ZN4AHRS21BodyFrameToEarthFrameEPKfPfS2_  ahrs.o
    0x0800e1ee   0x0800e1ee   0x0000015a   Code   RO         6674    i._ZN4AHRS21EarthFrameToBodyFrameEPKfPfS2_  ahrs.o
    0x0800e348   0x0800e348   0x000000a0   Code   RO         6677    i._ZN4AHRS8INS_InitEv  ahrs.o
    0x0800e3e8   0x0800e3e8   0x0000008c   Code   RO          190    i._ZN4AHRS8instanceEv  main.o
    0x0800e474   0x0800e474   0x00000002   Code   RO          214    i._ZN4AHRSD1Ev      main.o
    0x0800e476   0x0800e476   0x00000012   Code   RO         6073    i._ZN4Dr1610updateDataEv  dr16.o
    0x0800e488   0x0800e488   0x000000fa   Code   RO         6075    i._ZN4Dr1614updateRcStatusEv  dr16.o
    0x0800e582   0x0800e582   0x00000016   Code   RO         6076    i._ZN4Dr1615updateKeyStatusEv  dr16.o
    0x0800e598   0x0800e598   0x00000018   Code   RO         6077    i._ZN4Dr167mapAvixEs  dr16.o
    0x0800e5b0   0x0800e5b0   0x00000040   Code   RO         7855    i._ZN4Dr168instanceEv  gimbalcontroller.o
    0x0800e5f0   0x0800e5f0   0x00000074   Code   RO         6078    i._ZN4Dr16C1Ev      dr16.o
    0x0800e664   0x0800e664   0x00000002   Code   RO         6079    i._ZN4Dr16D1Ev      dr16.o
    0x0800e666   0x0800e666   0x0000006e   Code   RO         7262    i._ZN4Math18LoopFloatConstrainEfff  lkmotorhandler.o
    0x0800e6d4   0x0800e6d4   0x0000002e   Code   RO         7811    i._ZN4Math8LimitMaxEff  pid.o
    0x0800e702   0x0800e702   0x00000002   PAD
    0x0800e704   0x0800e704   0x0000007c   Code   RO         6406    i._ZN6BMI08811BMI088_INITEv  bmi088.o
    0x0800e780   0x0800e780   0x000000b0   Code   RO         6407    i._ZN6BMI08811ReadAccDataEP10acc_data_t  bmi088.o
    0x0800e830   0x0800e830   0x00000110   Code   RO         6408    i._ZN6BMI08812ReadGyroDataEP11gyro_data_t  bmi088.o
    0x0800e940   0x0800e940   0x00000002   Code   RO         6409    i._ZN6BMI08813VerifyAccDataEv  bmi088.o
    0x0800e942   0x0800e942   0x00000002   Code   RO         6410    i._ZN6BMI08814VerifyGyroDataEv  bmi088.o
    0x0800e944   0x0800e944   0x00000080   Code   RO         6411    i._ZN6BMI08814WriteDataToRegE13BMI088_SENSORhPhh  bmi088.o
    0x0800e9c4   0x0800e9c4   0x00000074   Code   RO         6412    i._ZN6BMI08815ReadDataFromRegE13BMI088_SENSORhPhh  bmi088.o
    0x0800ea38   0x0800ea38   0x0000003a   Code   RO         6413    i._ZN6BMI08815VerifyAccChipIDEv  bmi088.o
    0x0800ea72   0x0800ea72   0x00000002   PAD
    0x0800ea74   0x0800ea74   0x000000d0   Code   RO         6414    i._ZN6BMI08816BMI088_CONF_INITEv  bmi088.o
    0x0800eb44   0x0800eb44   0x00000038   Code   RO         6415    i._ZN6BMI08816VerifyGyroChipIDEv  bmi088.o
    0x0800eb7c   0x0800eb7c   0x00000052   Code   RO         6417    i._ZN6BMI08818ReadAccTemperatureEPf  bmi088.o
    0x0800ebce   0x0800ebce   0x00000002   PAD
    0x0800ebd0   0x0800ebd0   0x0000006c   Code   RO         6418    i._ZN6BMI08818TemperatureControlEf  bmi088.o
    0x0800ec3c   0x0800ec3c   0x00000038   Code   RO         6419    i._ZN6BMI0886updateEv  bmi088.o
    0x0800ec74   0x0800ec74   0x00000040   Code   RO         6728    i._ZN6BMI0888instanceEv  ahrs.o
    0x0800ecb4   0x0800ecb4   0x00000022   Code   RO         6420    i._ZN6BMI088C1Ev    bmi088.o
    0x0800ecd6   0x0800ecd6   0x00000002   Code   RO         6421    i._ZN6BMI088D1Ev    bmi088.o
    0x0800ecd8   0x0800ecd8   0x000000d8   Code   RO         6191    i._ZN6GM20069setOutputEv  gm2006.o
    0x0800edb0   0x0800edb0   0x000000c8   Code   RO         6192    i._ZN6GM2006C1Ev    gm2006.o
    0x0800ee78   0x0800ee78   0x00000002   Code   RO         6193    i._ZN6GM2006D1Ev    gm2006.o
    0x0800ee7a   0x0800ee7a   0x000000e0   Code   RO         6257    i._ZN6GM35089setOutputEv  gm3508.o
    0x0800ef5a   0x0800ef5a   0x00000002   PAD
    0x0800ef5c   0x0800ef5c   0x000000c8   Code   RO         6258    i._ZN6GM3508C1Ev    gm3508.o
    0x0800f024   0x0800f024   0x00000002   Code   RO         6259    i._ZN6GM3508D1Ev    gm3508.o
    0x0800f026   0x0800f026   0x000000dc   Code   RO         6300    i._ZN6GM60209setOutputEv  gm6020.o
    0x0800f102   0x0800f102   0x00000002   PAD
    0x0800f104   0x0800f104   0x000000c8   Code   RO         6301    i._ZN6GM6020C1Ev    gm6020.o
    0x0800f1cc   0x0800f1cc   0x00000002   Code   RO         6302    i._ZN6GM6020D1Ev    gm6020.o
    0x0800f1ce   0x0800f1ce   0x00000002   PAD
    0x0800f1d0   0x0800f1d0   0x000000f0   Code   RO         7159    i._ZN6LK90259setOutputEv  lk9025.o
    0x0800f2c0   0x0800f2c0   0x000000ec   Code   RO         7160    i._ZN6LK9025C1Ev    lk9025.o
    0x0800f3ac   0x0800f3ac   0x00000002   Code   RO         7161    i._ZN6LK9025D1Ev    lk9025.o
    0x0800f3ae   0x0800f3ae   0x00000002   PAD
    0x0800f3b0   0x0800f3b0   0x000000d0   Code   RO         6223    i._ZN7GMMotorC2Ev   gm2006.o
    0x0800f480   0x0800f480   0x000000c8   Code   RO         6538    i._ZN7IST83104initEv  ist8310.o
    0x0800f548   0x0800f548   0x00000024   Code   RO         6539    i._ZN7IST83107readRegEhPht  ist8310.o
    0x0800f56c   0x0800f56c   0x00000024   Code   RO         6540    i._ZN7IST83108wirteRegEhPht  ist8310.o
    0x0800f590   0x0800f590   0x00000010   Code   RO         6541    i._ZN7IST8310C1Ev   ist8310.o
    0x0800f5a0   0x0800f5a0   0x00000002   Code   RO         6542    i._ZN7IST8310D1Ev   ist8310.o
    0x0800f5a2   0x0800f5a2   0x00000002   PAD
    0x0800f5a4   0x0800f5a4   0x00000114   Code   RO         7129    i._ZN7LKMotorC2Ev   lk8016.o
    0x0800f6b8   0x0800f6b8   0x00000026   Code   RO        10416    i.__ARM_fpclassifyf  m_wm.l(fpclassifyf.o)
    0x0800f6de   0x0800f6de   0x00000010   Code   RO        10093    i.__cxa_guard_acquire  cpprt_w.l(cxa_guard_acquire.o)
    0x0800f6ee   0x0800f6ee   0x00000002   PAD
    0x0800f6f0   0x0800f6f0   0x00000118   Code   RO        10227    i.__hardfp_acosf    m_wm.l(acosf.o)
    0x0800f808   0x0800f808   0x0000012c   Code   RO        10239    i.__hardfp_asinf    m_wm.l(asinf.o)
    0x0800f934   0x0800f934   0x000002ac   Code   RO        10251    i.__hardfp_atan2f   m_wm.l(atan2f.o)
    0x0800fbe0   0x0800fbe0   0x00000150   Code   RO        10263    i.__hardfp_cosf     m_wm.l(cosf.o)
    0x0800fd30   0x0800fd30   0x000000b0   Code   RO        10275    i.__hardfp_fmodf    m_wm.l(fmodf.o)
    0x0800fde0   0x0800fde0   0x00000190   Code   RO        10287    i.__hardfp_sinf     m_wm.l(sinf.o)
    0x0800ff70   0x0800ff70   0x00000006   Code   RO        10419    i.__mathlib_flt_infnan  m_wm.l(funder.o)
    0x0800ff76   0x0800ff76   0x00000006   Code   RO        10420    i.__mathlib_flt_infnan2  m_wm.l(funder.o)
    0x0800ff7c   0x0800ff7c   0x00000010   Code   RO        10421    i.__mathlib_flt_invalid  m_wm.l(funder.o)
    0x0800ff8c   0x0800ff8c   0x00000010   Code   RO        10424    i.__mathlib_flt_underflow  m_wm.l(funder.o)
    0x0800ff9c   0x0800ff9c   0x00000154   Code   RO        10432    i.__mathlib_rredf2  m_wm.l(rredf.o)
    0x080100f0   0x080100f0   0x00000024   Code   RO         8094    i.__sti___18_GimbalStateFPS_cpp_db872dfd  gimbalstatefps.o
    0x08010114   0x08010114   0x00000024   Code   RO         8646    i.__sti___24_BalanceRemoteControl_cpp_124ac066  balanceremotecontrol.o
    0x08010138   0x08010138   0x00000250   Code   RO           31    i.__sti___6_main_c_29f4d46e  main.o
    0x08010388   0x08010388   0x000000c4   Code   RO           32    i.main              main.o
    0x0801044c   0x0801044c   0x0000003e   Code   RO        10437    i.sqrtf             m_wm.l(sqrtf.o)
    0x0801048a   0x0801048a   0x00000002   PAD
    0x0801048c   0x0801048c   0x00000062   Code   RO        10205    x$fpl$d2f           fz_wm.l(d2f.o)
    0x080104ee   0x080104ee   0x00000002   PAD
    0x080104f0   0x080104f0   0x00000150   Code   RO        10207    x$fpl$dadd          fz_wm.l(daddsub_clz.o)
    0x08010640   0x08010640   0x0000009c   Code   RO        10405    x$fpl$dnaninf       fz_wm.l(dnaninf.o)
    0x080106dc   0x080106dc   0x0000000c   Code   RO        10407    x$fpl$dretinf       fz_wm.l(dretinf.o)
    0x080106e8   0x080106e8   0x00000016   Code   RO        10208    x$fpl$drsb          fz_wm.l(daddsub_clz.o)
    0x080106fe   0x080106fe   0x00000002   PAD
    0x08010700   0x08010700   0x000001d4   Code   RO        10209    x$fpl$dsub          fz_wm.l(daddsub_clz.o)
    0x080108d4   0x080108d4   0x00000056   Code   RO        10225    x$fpl$f2d           fz_wm.l(f2d.o)
    0x0801092a   0x0801092a   0x0000008c   Code   RO        10409    x$fpl$fnaninf       fz_wm.l(fnaninf.o)
    0x080109b6   0x080109b6   0x0000000a   Code   RO        10528    x$fpl$fpinit        fz_wm.l(fpinit.o)
    0x080109c0   0x080109c0   0x000000f4   Code   RO        10411    x$fpl$frem          fz_wm.l(frem_clz.o)
    0x08010ab4   0x08010ab4   0x0000000a   Code   RO        10413    x$fpl$fretinf       fz_wm.l(fretinf.o)
    0x08010abe   0x08010abe   0x00000000   Code   RO        10415    x$fpl$usenofp       fz_wm.l(usenofp.o)
    0x08010abe   0x08010abe   0x00000002   PAD
    0x08010ac0   0x08010ac0   0x00000024   Data   RO           54    .constdata          main.o
    0x08010ae4   0x08010ae4   0x00000008   Data   RO         2300    .constdata          stm32f4xx_hal_dma.o
    0x08010aec   0x08010aec   0x00000018   Data   RO         5924    .constdata          system_stm32f4xx.o
    0x08010b04   0x08010b04   0x00000004   Data   RO         6087    .constdata          dr16.o
    0x08010b08   0x08010b08   0x0000000c   Data   RO         6549    .constdata          ist8310.o
    0x08010b14   0x08010b14   0x0000000c   Data   RO         6685    .constdata          ahrs.o
    0x08010b20   0x08010b20   0x00000090   Data   RO         6880    .constdata          quaternionekf.o
    0x08010bb0   0x08010bb0   0x0000000c   Data   RO         7752    .constdata          math.o
    0x08010bbc   0x08010bbc   0x00000020   Data   RO        10433    .constdata          m_wm.l(rredf.o)
    0x08010bdc   0x08010bdc   0x0000000c   Data   RO          227    .constdata__ZTV10Controller  main.o
    0x08010be8   0x08010be8   0x0000001c   Data   RO          229    .constdata__ZTV12StateMachine  main.o
    0x08010c04   0x08010c04   0x0000001c   Data   RO         8141    .constdata__ZTV14GimbalStateFPS  gimbalstatefps.o
    0x08010c20   0x08010c20   0x0000001c   Data   RO         8498    .constdata__ZTV15ChassisStateFPS  chassisstatefps.o
    0x08010c3c   0x08010c3c   0x0000000c   Data   RO         7854    .constdata__ZTV16GimbalController  gimbalcontroller.o
    0x08010c48   0x08010c48   0x0000001c   Data   RO         7961    .constdata__ZTV16GimbalStateRelax  gimbalstaterelax.o
    0x08010c64   0x08010c64   0x0000000c   Data   RO         8613    .constdata__ZTV17BalanceController  balancecontroller.o
    0x08010c70   0x08010c70   0x0000001c   Data   RO         8804    .constdata__ZTV17BalanceStateRelax  balancestaterelax.o
    0x08010c8c   0x08010c8c   0x0000000c   Data   RO         8246    .constdata__ZTV17ChassisController  chassiscontroller.o
    0x08010c98   0x08010c98   0x0000001c   Data   RO         8321    .constdata__ZTV17ChassisStateRelax  chassisstaterelax.o
    0x08010cb4   0x08010cb4   0x0000001c   Data   RO         8079    .constdata__ZTV17GimbalStateSearch  gimbalstatesearch.o
    0x08010cd0   0x08010cd0   0x0000000c   Data   RO         8575    .constdata__ZTV17ShooterController  shootercontroller.o
    0x08010cdc   0x08010cdc   0x0000001c   Data   RO         8441    .constdata__ZTV18ChassisStateRotate  chassisstaterotate.o
    0x08010cf8   0x08010cf8   0x0000001c   Data   RO         8749    .constdata__ZTV19BalanceSpeedControl  balancespeedcontrol.o
    0x08010d14   0x08010d14   0x0000001c   Data   RO         8860    .constdata__ZTV19BalanceStandControl  balancestandcontrol.o
    0x08010d30   0x08010d30   0x0000001c   Data   RO         8692    .constdata__ZTV20BalanceRemoteControl  balanceremotecontrol.o
    0x08010d4c   0x08010d4c   0x0000001c   Data   RO         8021    .constdata__ZTV24GimbalStateRemoteControl  gimbalstateremotecontrol.o
    0x08010d68   0x08010d68   0x0000001c   Data   RO         8384    .constdata__ZTV25ChassisStateRemoteControl  chassisstateremotecontrol.o
    0x08010d84   0x08010d84   0x0000000c   Data   RO         6222    .constdata__ZTV6GM2006  gm2006.o
    0x08010d90   0x08010d90   0x0000000c   Data   RO         6288    .constdata__ZTV6GM3508  gm3508.o
    0x08010d9c   0x08010d9c   0x0000000c   Data   RO         6331    .constdata__ZTV6GM6020  gm6020.o
    0x08010da8   0x08010da8   0x0000000c   Data   RO         7193    .constdata__ZTV6LK9025  lk9025.o
    0x08010db4   0x08010db4   0x0000000c   Data   RO         6230    .constdata__ZTV7GMMotor  gm2006.o
    0x08010dc0   0x08010dc0   0x0000000c   Data   RO         7136    .constdata__ZTV7LKMotor  lk8016.o
    0x08010dcc   0x08010dcc   0x0000000c   Data   RO         6727    .constdata___ARM__ZN4AHRS14InitQuaternionEPf_anon0  ahrs.o
    0x08010dd8   0x08010dd8   0x00000020   Data   RO        10609    Region$$Table       anon$$obj.o
    0x08010df8   0x08010df8   0x00000004   Data   RO           56    .init_array         main.o
    0x08010dfc   0x08010df8   0x00000004   Data   RO         8103    .init_array         gimbalstatefps.o
    0x08010e00   0x08010df8   0x00000004   Data   RO         8654    .init_array         balanceremotecontrol.o
    0x08010e04   0x08010df8   0x00000000   Data   RO        10085    .init_array         c_w.l(init_aeabi.o)


    Execution Region RW_IRAM1 (Exec base: 0x20000000, Load base: 0x08010e04, Size: 0x0000b3b8, Max: 0x0001c000, ABSOLUTE, COMPRESSED[0x000000d0])

    Exec Addr    Load Addr    Size         Type   Attr      Idx    E Section Name        Object

    0x20000000   COMPRESSED   0x00000034   Data   RW           55    .data               main.o
    0x20000034   COMPRESSED   0x00000004   Data   RW          913    .data               stm32f4xx_hal_msp.o
    0x20000038   COMPRESSED   0x00000009   Data   RW         2809    .data               stm32f4xx_hal.o
    0x20000041   COMPRESSED   0x00000003   PAD
    0x20000044   COMPRESSED   0x00000004   Data   RW         5925    .data               system_stm32f4xx.o
    0x20000048   COMPRESSED   0x00000002   Data   RW         6150    .data               remotecontrol.o
    0x2000004a   COMPRESSED   0x00000004   Data   RW         6790    .data               kalman_filter.o
    0x2000004e   COMPRESSED   0x00000002   PAD
    0x20000050   COMPRESSED   0x000000d4   Data   RW         6881    .data               quaternionekf.o
    0x20000124   COMPRESSED   0x00000004   PAD
    0x20000128   COMPRESSED   0x00000048   Data   RW         7411    .data               bsp_dwt.o
    0x20000170   COMPRESSED   0x00000004   Data   RW         8102    .data               gimbalstatefps.o
    0x20000174   COMPRESSED   0x00000004   Data   RW         8653    .data               balanceremotecontrol.o
    0x20000178   COMPRESSED   0x0000001c   Data   RW         8944    .data               usbd_desc.o
    0x20000194   COMPRESSED   0x00000032   Data   RW         8945    .data               usbd_desc.o
    0x200001c6   COMPRESSED   0x00000002   PAD
    0x200001c8   COMPRESSED   0x00000014   Data   RW         9038    .data               usbd_cdc_if.o
    0x200001dc   COMPRESSED   0x00000001   Data   RW         9540    .data               usbd_ctlreq.o
    0x200001dd   COMPRESSED   0x00000003   PAD
    0x200001e0   COMPRESSED   0x00000053   Data   RW         9721    .data               usbd_cdc.o
    0x20000233   COMPRESSED   0x00000001   PAD
    0x20000234   COMPRESSED   0x00000038   Data   RW         9722    .data               usbd_cdc.o
    0x2000026c   COMPRESSED   0x00000004   Data   RW          234    .data__ZZN14GMMotorHandler8instanceEvE8instance  main.o
    0x20000270   COMPRESSED   0x00000004   Data   RW          248    .data__ZZN14LKMotorHandler8instanceEvE8instance  main.o
    0x20000274   COMPRESSED   0x00000004   Data   RW          244    .data__ZZN16GimbalController8instanceEvE8instance  main.o
    0x20000278   COMPRESSED   0x00000004   Data   RW          250    .data__ZZN17BalanceController8instanceEvE8instance  main.o
    0x2000027c   COMPRESSED   0x00000004   Data   RW          232    .data__ZZN17BoardConnectivity8instanceEvE8instance  main.o
    0x20000280   COMPRESSED   0x00000004   Data   RW          236    .data__ZZN17ChassisController8instanceEvE8instance  main.o
    0x20000284   COMPRESSED   0x00000004   Data   RW          246    .data__ZZN17ShooterController8instanceEvE8instance  main.o
    0x20000288   COMPRESSED   0x00000004   Data   RW          242    .data__ZZN4AHRS8instanceEvE4ahrs  main.o
    0x2000028c   COMPRESSED   0x00000004   Data   RW          230    .data__ZZN4Dr168instanceEvE8instance  main.o
    0x20000290   COMPRESSED   0x00000004   Data   RW          238    .data__ZZN6BMI0888instanceEvE8instance  main.o
    0x20000294   COMPRESSED   0x00000004   Data   RW          240    .data__ZZN7IST83108instanceEvE8instance  main.o
    0x20000298        -       0x00000414   Zero   RW           53    .bss                main.o
    0x200006ac        -       0x0000005e   Zero   RW         6149    .bss                remotecontrol.o
    0x2000070a   COMPRESSED   0x00000006   PAD
    0x20000710        -       0x00000270   Zero   RW         6879    .bss                quaternionekf.o
    0x20000980        -       0x00000014   Zero   RW         7165    .bss                lk9025.o
    0x20000994        -       0x000002dc   Zero   RW         8872    .bss                usb_device.o
    0x20000c70        -       0x00000200   Zero   RW         8943    .bss                usbd_desc.o
    0x20000e70        -       0x00001000   Zero   RW         9037    .bss                usbd_cdc_if.o
    0x20001e70        -       0x00000704   Zero   RW         9150    .bss                usbd_conf.o
    0x20002574        -       0x00000060   Zero   RW        10450    .bss                c_w.l(libspace.o)
    0x200025d4        -       0x00000104   Zero   RW          235    .bss__ZZN14GMMotorHandler8instanceEvE8instance  main.o
    0x200026d8        -       0x0000008c   Zero   RW          249    .bss__ZZN14LKMotorHandler8instanceEvE8instance  main.o
    0x20002764        -       0x0000024c   Zero   RW          245    .bss__ZZN16GimbalController8instanceEvE8instance  main.o
    0x200029b0        -       0x00000480   Zero   RW          251    .bss__ZZN17BalanceController8instanceEvE8instance  main.o
    0x20002e30        -       0x000000c0   Zero   RW          233    .bss__ZZN17BoardConnectivity8instanceEvE8instance  main.o
    0x20002ef0        -       0x000000f4   Zero   RW          237    .bss__ZZN17ChassisController8instanceEvE8instance  main.o
    0x20002fe4        -       0x00000260   Zero   RW          247    .bss__ZZN17ShooterController8instanceEvE8instance  main.o
    0x20003244        -       0x000000c8   Zero   RW          243    .bss__ZZN4AHRS8instanceEvE4ahrs  main.o
    0x2000330c        -       0x00000020   Zero   RW          231    .bss__ZZN4Dr168instanceEvE8instance  main.o
    0x2000332c        -       0x00000070   Zero   RW          239    .bss__ZZN6BMI0888instanceEvE8instance  main.o
    0x2000339c        -       0x0000001c   Zero   RW          241    .bss__ZZN7IST83108instanceEvE8instance  main.o
    0x200033b8        -       0x00004000   Zero   RW            2    HEAP                startup_stm32f407xx.o
    0x200073b8        -       0x00004000   Zero   RW            1    STACK               startup_stm32f407xx.o


    Execution Region RW_IRAM2 (Exec base: 0x2001c000, Load base: 0x08010ed4, Size: 0x00000000, Max: 0x00004000, ABSOLUTE)

    **** No section assigned to this execution region ****


==============================================================================

Image component sizes


      Code (inc. data)   RO Data    RW Data    ZI Data      Debug   Object Name

      1680         62         24          0          0       8315   ahrs.o
       236          6         12          0          0       7456   balancecontroller.o
       694         58         32          4          0       3680   balanceremotecontrol.o
         0          0         28          0          0          0   balancespeedcontrol.o
       552         14         28          0          0       2916   balancestandcontrol.o
        86          0         28          0          0       2708   balancestaterelax.o
      1424        112          0          0          0      12386   bmi088.o
       440          0          0          0          0       5275   boardconnectivity.o
        18          0          0          0          0        475   bsp.o
       462         52          0          0          0       7684   bsp_can.o
       324         66          0         72          0       4151   bsp_dwt.o
        72         12          0          0          0       2172   bsp_gpio.o
        80          0          0          0          0       1871   bsp_iic.o
       146          0          0          0          0       1575   bsp_pwm.o
       198          0          0          0          0       2334   bsp_spi.o
        24          4          0          0          0       3022   bsp_tim.o
       176         20          0          0          0       1674   bsp_usart.o
        14          0         12          0          0       5384   chassiscontroller.o
         0          0         28          0          0       3108   chassisstatefps.o
       236         24         28          0          0       2516   chassisstaterelax.o
         0          0         28          0          0          0   chassisstateremotecontrol.o
         0          0         28          0          0          0   chassisstaterotate.o
       432         12          4          0          0       5600   dr16.o
       204         38         12          0          0      11980   gimbalcontroller.o
        36         14         32          4          0       6292   gimbalstatefps.o
         0          0         28          0          0          0   gimbalstaterelax.o
         0          0         28          0          0          0   gimbalstateremotecontrol.o
         0          0         28          0          0          0   gimbalstatesearch.o
       626         34         24          0          0      20296   gm2006.o
       426         18         12          0          0       2192   gm3508.o
       422         18         12          0          0       2220   gm6020.o
      1102         28          0          0          0       7143   gmmotorhandler.o
       290         24         12          0          0       5195   ist8310.o
      3160         26          0          4          0       9155   kalman_filter.o
        40          6          0          0          0        497   led.o
       276         16         12          0          0       1780   lk8016.o
       478         28         12          0         20       4358   lk9025.o
      1356         42          0          0          0      10206   lkmotorhandler.o
      4288        536         80         96       4600     782359   main.o
         0          0         12          0          0       1432   math.o
       548         12          0          0          0       4540   pid.o
      4092        222        144        212        624      10591   quaternionekf.o
       538         36          0          2         94       3263   remotecontrol.o
       212         12         12          0          0       1736   shootercontroller.o
        64         26        392          0      32768        892   startup_stm32f407xx.o
       212         36          0          9          0       9509   stm32f4xx_hal.o
      2202          6          0          0          0      15353   stm32f4xx_hal_can.o
       352         22          0          0          0      35033   stm32f4xx_hal_cortex.o
        32          0          0          0          0       1091   stm32f4xx_hal_crc.o
      1436         16          8          0          0       7154   stm32f4xx_hal_dma.o
       512         46          0          0          0       2168   stm32f4xx_hal_gpio.o
      3016         48          0          0          0      12070   stm32f4xx_hal_i2c.o
      1896        166          0          4          0       7719   stm32f4xx_hal_msp.o
      3560         16          0          0          0      14016   stm32f4xx_hal_pcd.o
        90          0          0          0          0       2505   stm32f4xx_hal_pcd_ex.o
      1820         84          0          0          0       5724   stm32f4xx_hal_rcc.o
      4824        112          0          0          0      30458   stm32f4xx_hal_spi.o
      2582        142          0          0          0      19092   stm32f4xx_hal_tim.o
       300         30          0          0          0       3429   stm32f4xx_hal_tim_ex.o
      1934         14          0          0          0       9752   stm32f4xx_hal_uart.o
       154         48          0          0          0     726388   stm32f4xx_it.o
      3882         82          0          0          0      23228   stm32f4xx_ll_usb.o
        20          6         24          4          0       1187   system_stm32f4xx.o
        84         18          0          0        732       8471   usb_device.o
      1362         36          0        139          0      14095   usbd_cdc.o
        76         16          0         20       4096       3510   usbd_cdc_if.o
       658         28          0          0       1796      17248   usbd_conf.o
      1050          0          0          0          0      16709   usbd_core.o
      1908         28          0          1          0      18276   usbd_ctlreq.o
       362        110          0         78        512       7125   usbd_desc.o
       132          0          0          0          0       4628   usbd_ioreq.o
       312          8          0          0          0       2498   user_lib.o

    ----------------------------------------------------------------------
     60302       2696       1196        664      45248    1988865   Object Totals
         0          0         32          0          0          0   (incl. Generated)
        82          0          0         15          6          0   (incl. Padding)

    ----------------------------------------------------------------------

      Code (inc. data)   RO Data    RW Data    ZI Data      Debug   Library Member Name

       186          0          0          0          0       1797   arm_mat_add_f32.o
         8          0          0          0          0        841   arm_mat_init_f32.o
       756          4          0          0          0       3732   arm_mat_inverse_f32.o
       296          4          0          0          0       2300   arm_mat_mult_f32.o
       186          0          0          0          0       1795   arm_mat_sub_f32.o
       162          0          0          0          0       1865   arm_mat_trans_f32.o
        90          0          0          0          0          0   __dczerorl2.o
         8          0          0          0          0         68   __main.o
         0          0          0          0          0          0   __rtentry.o
        12          0          0          0          0          0   __rtentry2.o
         6          0          0          0          0          0   __rtentry4.o
        52          8          0          0          0          0   __scatter.o
        28          0          0          0          0          0   __scatter_zi.o
        22          0          0          0          0        100   _rserrno.o
        46          0          0          0          0         84   aeabi_atexit.o
        66          0          0          0          0         84   cxa_finalize.o
        10          0          0          0          0         68   defsig_exit.o
        50          0          0          0          0         88   defsig_general.o
        80         58          0          0          0         76   defsig_rtmem_inner.o
        14          0          0          0          0         80   defsig_rtmem_outer.o
        18          0          0          0          0         80   exit.o
        94          0          0          0          0         80   h1_alloc.o
        52          0          0          0          0         68   h1_extend.o
        78          0          0          0          0         80   h1_free.o
        14          0          0          0          0         84   h1_init.o
         6          0          0          0          0        152   heapauxi.o
         4          0          0          0          0        136   hguard.o
         0          0          0          0          0          0   indicate_semi.o
        36         10          0          0          0         80   init_aeabi.o
       138          0          0          0          0        168   init_alloc.o
         2          0          0          0          0          0   libinit.o
        18          0          0          0          0          0   libinit2.o
         2          0          0          0          0          0   libshutdown.o
         8          0          0          0          0          0   libshutdown2.o
         8          4          0          0         96         68   libspace.o
       238          0          0          0          0        100   lludivv7m.o
         0          0          0          0          0          0   maybetermalloc1.o
         8          4          0          0          0         68   rt_ddtor_pointer_addr_intlibspace.o
         8          4          0          0          0         68   rt_errno_addr_intlibspace.o
         8          4          0          0          0         68   rt_heap_descriptor_intlibspace.o
        68          0          0          0          0         68   rt_memclr.o
        78          0          0          0          0         80   rt_memclr_w.o
       138          0          0          0          0         68   rt_memcpy_v6.o
       100          0          0          0          0         80   rt_memcpy_w.o
         2          0          0          0          0          0   rtexit.o
        10          0          0          0          0          0   rtexit2.o
        12          4          0          0          0         68   sys_exit.o
        74          0          0          0          0         80   sys_stackheap_outer.o
        14          0          0          0          0         76   sys_wrch.o
         2          0          0          0          0         68   use_no_semi.o
        16          0          0          0          0         68   cxa_guard_acquire.o
        98          4          0          0          0        140   d2f.o
       826         16          0          0          0        492   daddsub_clz.o
       156          4          0          0          0        140   dnaninf.o
        12          0          0          0          0        116   dretinf.o
        86          4          0          0          0        132   f2d.o
       140          4          0          0          0        132   fnaninf.o
        10          0          0          0          0        116   fpinit.o
       244          8          0          0          0        132   frem_clz.o
        10          0          0          0          0        116   fretinf.o
         0          0          0          0          0          0   usenofp.o
       280         46          0          0          0        176   acosf.o
       300         42          0          0          0        176   asinf.o
       684         90          0          0          0        208   atan2f.o
       336         56          0          0          0        136   cosf.o
       176          0          0          0          0        168   fmodf.o
        38          0          0          0          0        116   fpclassifyf.o
        44         12          0          0          0        464   funder.o
       340         24         32          0          0        160   rredf.o
       400         56          0          0          0        212   sinf.o
        62          0          0          0          0        136   sqrtf.o

    ----------------------------------------------------------------------
      7594        470         32          0         96      18402   Library Totals
        20          0          0          0          0          0   (incl. Padding)

    ----------------------------------------------------------------------

      Code (inc. data)   RO Data    RW Data    ZI Data      Debug   Library Name

      1594          8          0          0          0      12330   arm_cortexM4lf_math.lib
      1722         96          0          0         96       2536   c_w.l
        16          0          0          0          0         68   cpprt_w.l
      1582         40          0          0          0       1516   fz_wm.l
      2660        326         32          0          0       1952   m_wm.l

    ----------------------------------------------------------------------
      7594        470         32          0         96      18402   Library Totals

    ----------------------------------------------------------------------

==============================================================================


      Code (inc. data)   RO Data    RW Data    ZI Data      Debug   

     67896       3166       1228        664      45344    1956931   Grand Totals
     67896       3166       1228        208      45344    1956931   ELF Image Totals (compressed)
     67896       3166       1228        208          0          0   ROM Totals

==============================================================================

    Total RO  Size (Code + RO Data)                69124 (  67.50kB)
    Total RW  Size (RW Data + ZI Data)             46008 (  44.93kB)
    Total ROM Size (Code + RO Data + RW Data)      69332 (  67.71kB)

==============================================================================

