<html>
<body>
<pre>
<h1>µVision Build Log</h1>
<h2>Tool Versions:</h2>
IDE-Version: ¦ÌVision V5.40.0.0
Copyright (C) 2024 ARM Ltd and ARM Germany GmbH. All rights reserved.
License Information: xy LUO, hkustgz, LIC=SDA0P-MN2VF-9UK4U-S81B4-YTS5F-RK3I8
 
Tool Versions:
Toolchain:       MDK-ARM Plus  Version: 5.40.0.3
Toolchain Path:  D:\Keil_v5\ARM\ARMCC\Bin
C Compiler:      Armcc.exe V5.06 update 7 (build 960)
Assembler:       Armasm.exe V5.06 update 7 (build 960)
Linker/Locator:  ArmLink.exe V5.06 update 7 (build 960)
Library Manager: ArmAr.exe V5.06 update 7 (build 960)
Hex Converter:   FromElf.exe V5.06 update 7 (build 960)
CPU DLL:         SARMCM3.DLL V5.40.0.3
Dialog DLL:      DCM.DLL V1.17.5.0
Target DLL:      CMSIS_AGDI.dll V1.33.18.0
Dialog DLL:      TCM.DLL V1.56.4.0
 
<h2>Project:</h2>
D:\Aprojects\RM\test0603\INFRASTRY_TEST\Chassis\MDK-ARM\Gimbal.uvprojx
Project File Date:  08/27/2024

<h2>Output:</h2>
*** Using Compiler 'V5.06 update 7 (build 960)', folder: 'D:\Keil_v5\ARM\ARMCC\Bin'
Build target 'Gimbal'
compiling BalanceController.cpp...
../Src/Entity/GMMotor/GM6020.hpp(33): warning:  #1300-D: setOutput inherits implicit virtual
      void setOutput() override;
../Src/Entity/GMMotor/GM3508.hpp(41): warning:  #1300-D: setOutput inherits implicit virtual
      void setOutput() override;
../Src/Entity/GMMotor/GM2006.hpp(31): warning:  #1300-D: setOutput inherits implicit virtual
      void setOutput() override;
..\Src\Entity\LKMotor\LK9025.hpp(26): warning:  #1300-D: setOutput inherits implicit virtual
      void setOutput() override;
..\Src\GimbalController\Test\BalanceSpeedControl.hpp(57): warning:  #1300-D: init inherits implicit virtual
      void init() override;
..\Src\GimbalController\Test\BalanceSpeedControl.hpp(63): warning:  #1300-D: enter inherits implicit virtual
      void enter() override;
..\Src\GimbalController\Test\BalanceSpeedControl.hpp(69): warning:  #1300-D: execute inherits implicit virtual
      void execute() override;
..\Src\GimbalController\Test\BalanceSpeedControl.hpp(74): warning:  #1300-D: exit inherits implicit virtual
      void exit() override;
..\Src\GimbalController\Test\BalanceSpeedControl.hpp(80): warning:  #1300-D: run inherits implicit virtual
      void run() override;
..\Src\GimbalController\Test\BalanceStateRelax.hpp(46): warning:  #1300-D: init inherits implicit virtual
      void init() override;
..\Src\GimbalController\Test\BalanceStateRelax.hpp(52): warning:  #1300-D: enter inherits implicit virtual
      void enter() override;
..\Src\GimbalController\Test\BalanceStateRelax.hpp(60): warning:  #1300-D: execute inherits implicit virtual
      void execute() override;
..\Src\GimbalController\Test\BalanceStateRelax.hpp(65): warning:  #1300-D: exit inherits implicit virtual
      void exit() override;
..\Src\GimbalController\Test\BalanceStateRelax.hpp(71): warning:  #1300-D: run inherits implicit virtual
      void run() override;
..\Src\GimbalController\Test\BalanceRemoteControl.hpp(64): warning:  #1300-D: init inherits implicit virtual
      void init() override;
..\Src\GimbalController\Test\BalanceRemoteControl.hpp(70): warning:  #1300-D: enter inherits implicit virtual
      void enter() override;
..\Src\GimbalController\Test\BalanceRemoteControl.hpp(78): warning:  #1300-D: execute inherits implicit virtual
      void execute() override;
..\Src\GimbalController\Test\BalanceRemoteControl.hpp(83): warning:  #1300-D: exit inherits implicit virtual
      void exit() override;
..\Src\GimbalController\Test\BalanceRemoteControl.hpp(89): warning:  #1300-D: run inherits implicit virtual
      void run() override;
..\Src\GimbalController\Test\BalanceStandControl.hpp(83): warning:  #1300-D: init inherits implicit virtual
      void init() override;
..\Src\GimbalController\Test\BalanceStandControl.hpp(89): warning:  #1300-D: enter inherits implicit virtual
      void enter() override;
..\Src\GimbalController\Test\BalanceStandControl.hpp(95): warning:  #1300-D: execute inherits implicit virtual
      void execute() override;
..\Src\GimbalController\Test\BalanceStandControl.hpp(100): warning:  #1300-D: exit inherits implicit virtual
      void exit() override;
..\Src\GimbalController\Test\BalanceStandControl.hpp(106): warning:  #1300-D: run inherits implicit virtual
      void run() override;
..\Src\GimbalController\Test\BalanceController.hpp(148): warning:  #1300-D: run inherits implicit virtual
      void run() override;
..\Src\GimbalController\Test\BalanceController.hpp(127): warning:  #1299-D: members and base-classes will be initialized in declaration order, not in member initialisation list order
                           odometer(LMotor, RMotor)
..\Src\GimbalController\Test\BalanceController.cpp: 26 warnings, 0 errors
compiling BalanceStandControl.cpp...
../Src/Entity/GMMotor/GM6020.hpp(33): warning:  #1300-D: setOutput inherits implicit virtual
      void setOutput() override;
../Src/Entity/GMMotor/GM3508.hpp(41): warning:  #1300-D: setOutput inherits implicit virtual
      void setOutput() override;
../Src/Entity/GMMotor/GM2006.hpp(31): warning:  #1300-D: setOutput inherits implicit virtual
      void setOutput() override;
..\Src\Entity\LKMotor\LK9025.hpp(26): warning:  #1300-D: setOutput inherits implicit virtual
      void setOutput() override;
..\Src\GimbalController\Test\BalanceStandControl.hpp(83): warning:  #1300-D: init inherits implicit virtual
      void init() override;
..\Src\GimbalController\Test\BalanceStandControl.hpp(89): warning:  #1300-D: enter inherits implicit virtual
      void enter() override;
..\Src\GimbalController\Test\BalanceStandControl.hpp(95): warning:  #1300-D: execute inherits implicit virtual
      void execute() override;
..\Src\GimbalController\Test\BalanceStandControl.hpp(100): warning:  #1300-D: exit inherits implicit virtual
      void exit() override;
..\Src\GimbalController\Test\BalanceStandControl.hpp(106): warning:  #1300-D: run inherits implicit virtual
      void run() override;
..\Src\GimbalController\Test\BalanceStandControl.cpp(100): warning:  #1035-D: single-precision operand implicitly converted to double-precision
      if (Vx < 0.1 && Vx > -0.1)
..\Src\GimbalController\Test\BalanceStandControl.cpp(106): warning:  #1035-D: single-precision operand implicitly converted to double-precision
      LMotor->positionPid.ref = RMotor->positionPid.ref = Motor_DisplacementRef / 0.1; //è½®å­åŠå¾„ä¸?0.1mï¼Œä½ç§?->å¼§åº¦åˆ¶è½¬è§?
..\Src\GimbalController\Test\BalanceStandControl.cpp(107): warning:  #1035-D: single-precision operand implicitly converted to double-precision
      LMotor->positionPid.fdb = RMotor->positionPid.fdb = odometer->odometry.x / 0.1;
..\Src\GimbalController\Test\BalanceStandControl.cpp(133): warning:  #1-D: last line of file ends without a newline
  }
..\Src\GimbalController\Test\BalanceStandControl.cpp: 13 warnings, 0 errors
compiling main.c...
../Src/GimbalController/Chassis/ChassisStateRemoteControl.hpp(27): warning:  #1300-D: init inherits implicit virtual
      void init() override;
../Src/GimbalController/Chassis/ChassisStateRemoteControl.hpp(32): warning:  #1300-D: enter inherits implicit virtual
      void enter() override;
../Src/GimbalController/Chassis/ChassisStateRemoteControl.hpp(37): warning:  #1300-D: execute inherits implicit virtual
      void execute() override;
../Src/GimbalController/Chassis/ChassisStateRemoteControl.hpp(42): warning:  #1300-D: exit inherits implicit virtual
      void exit() override;
../Src/GimbalController/Chassis/ChassisStateRemoteControl.hpp(47): warning:  #1300-D: run inherits implicit virtual
      void run() override;
../Src/GimbalController/Chassis/ChassisStateRelax.hpp(23): warning:  #1300-D: init inherits implicit virtual
      void init() override;
../Src/GimbalController/Chassis/ChassisStateRelax.hpp(28): warning:  #1300-D: enter inherits implicit virtual
      void enter() override;
../Src/GimbalController/Chassis/ChassisStateRelax.hpp(33): warning:  #1300-D: execute inherits implicit virtual
      void execute() override;
../Src/GimbalController/Chassis/ChassisStateRelax.hpp(38): warning:  #1300-D: exit inherits implicit virtual
      void exit() override;
../Src/GimbalController/Chassis/ChassisStateRelax.hpp(43): warning:  #1300-D: run inherits implicit virtual
      void run() override;
../Src/GimbalController/Chassis/ChassisStateRotate.hpp(26): warning:  #1300-D: init inherits implicit virtual
      void init() override;
../Src/GimbalController/Chassis/ChassisStateRotate.hpp(31): warning:  #1300-D: enter inherits implicit virtual
      void enter() override;
../Src/GimbalController/Chassis/ChassisStateRotate.hpp(36): warning:  #1300-D: execute inherits implicit virtual
      void execute() override;
../Src/GimbalController/Chassis/ChassisStateRotate.hpp(41): warning:  #1300-D: exit inherits implicit virtual
      void exit() override;
../Src/GimbalController/Chassis/ChassisStateRotate.hpp(46): warning:  #1300-D: run inherits implicit virtual
      void run() override;
../Src/GimbalController/Chassis/ChassisStateFPS.hpp(31): warning:  #1300-D: init inherits implicit virtual
      void init() override;
../Src/GimbalController/Chassis/ChassisStateFPS.hpp(36): warning:  #1300-D: enter inherits implicit virtual
      void enter() override;
../Src/GimbalController/Chassis/ChassisStateFPS.hpp(41): warning:  #1300-D: execute inherits implicit virtual
      void execute() override;
../Src/GimbalController/Chassis/ChassisStateFPS.hpp(46): warning:  #1300-D: exit inherits implicit virtual
      void exit() override;
../Src/GimbalController/Chassis/ChassisStateFPS.hpp(51): warning:  #1300-D: run inherits implicit virtual
      void run() override;
../Src/GimbalController/Chassis/ChassisController.hpp(70): warning:  #375-D: declaration requires a typedef name
      };
../Src/GimbalController/Chassis/ChassisController.hpp(102): warning:  #1300-D: run inherits implicit virtual
      void run() override;
../Src/Entity/GMMotor/GM6020.hpp(33): warning:  #1300-D: setOutput inherits implicit virtual
      void setOutput() override;
../Src/Entity/GMMotor/GM3508.hpp(41): warning:  #1300-D: setOutput inherits implicit virtual
      void setOutput() override;
../Src/Entity/GMMotor/GM2006.hpp(31): warning:  #1300-D: setOutput inherits implicit virtual
      void setOutput() override;
../Src/GimbalController/Gimbal/GimbalStateRemoteControl.hpp(91): warning:  #1300-D: init inherits implicit virtual
      void init() override;
../Src/GimbalController/Gimbal/GimbalStateRemoteControl.hpp(97): warning:  #1300-D: enter inherits implicit virtual
      void enter() override;
../Src/GimbalController/Gimbal/GimbalStateRemoteControl.hpp(103): warning:  #1300-D: execute inherits implicit virtual
      void execute() override;
../Src/GimbalController/Gimbal/GimbalStateRemoteControl.hpp(108): warning:  #1300-D: exit inherits implicit virtual
      void exit() override;
../Src/GimbalController/Gimbal/GimbalStateRemoteControl.hpp(114): warning:  #1300-D: run inherits implicit virtual
      void run() override;
../Src/GimbalController/Gimbal/GimbalStateSearch.hpp(65): warning:  #1300-D: init inherits implicit virtual
      void init() override;
../Src/GimbalController/Gimbal/GimbalStateSearch.hpp(70): warning:  #1300-D: enter inherits implicit virtual
      void enter() override;
../Src/GimbalController/Gimbal/GimbalStateSearch.hpp(75): warning:  #1300-D: execute inherits implicit virtual
      void execute() override;
../Src/GimbalController/Gimbal/GimbalStateSearch.hpp(80): warning:  #1300-D: exit inherits implicit virtual
      void exit() override;
../Src/GimbalController/Gimbal/GimbalStateSearch.hpp(85): warning:  #1300-D: run inherits implicit virtual
      void run() override;
../Src/GimbalController/Gimbal/GimbalStateRelax.hpp(48): warning:  #1300-D: init inherits implicit virtual
      void init() override;
../Src/GimbalController/Gimbal/GimbalStateRelax.hpp(54): warning:  #1300-D: enter inherits implicit virtual
      void enter() override;
../Src/GimbalController/Gimbal/GimbalStateRelax.hpp(62): warning:  #1300-D: execute inherits implicit virtual
      void execute() override;
../Src/GimbalController/Gimbal/GimbalStateRelax.hpp(67): warning:  #1300-D: exit inherits implicit virtual
      void exit() override;
../Src/GimbalController/Gimbal/GimbalStateRelax.hpp(73): warning:  #1300-D: run inherits implicit virtual
      void run() override;
../Src/GimbalController/Gimbal/GimbalStateFPS.hpp(111): warning:  #1300-D: init inherits implicit virtual
      void init() override;
../Src/GimbalController/Gimbal/GimbalStateFPS.hpp(117): warning:  #1300-D: enter inherits implicit virtual
      void enter() override;
../Src/GimbalController/Gimbal/GimbalStateFPS.hpp(125): warning:  #1300-D: execute inherits implicit virtual
      void execute() override;
../Src/GimbalController/Gimbal/GimbalStateFPS.hpp(130): warning:  #1300-D: exit inherits implicit virtual
      void exit() override;
../Src/GimbalController/Gimbal/GimbalStateFPS.hpp(136): warning:  #1300-D: run inherits implicit virtual
      void run() override;
../Src/GimbalController/Gimbal/GimbalController.hpp(147): warning:  #1300-D: run inherits implicit virtual
      void run() override;
../Src/GimbalController/Gimbal/GimbalController.hpp(125): warning:  #1299-D: members and base-classes will be initialized in declaration order, not in member initialisation list order
                           SearchState(&YawMotor, &PitchMotor),
../Src/GimbalController/Shooter/ShooterController.hpp(62): warning:  #375-D: declaration requires a typedef name
      };
../Src/GimbalController/Shooter/ShooterController.hpp(79): warning:  #1300-D: run inherits implicit virtual
      void run() override;
..\Src\Entity\LKMotor\LK9025.hpp(26): warning:  #1300-D: setOutput inherits implicit virtual
      void setOutput() override;
..\Src\GimbalController\Test\BalanceSpeedControl.hpp(57): warning:  #1300-D: init inherits implicit virtual
      void init() override;
..\Src\GimbalController\Test\BalanceSpeedControl.hpp(63): warning:  #1300-D: enter inherits implicit virtual
      void enter() override;
..\Src\GimbalController\Test\BalanceSpeedControl.hpp(69): warning:  #1300-D: execute inherits implicit virtual
      void execute() override;
..\Src\GimbalController\Test\BalanceSpeedControl.hpp(74): warning:  #1300-D: exit inherits implicit virtual
      void exit() override;
..\Src\GimbalController\Test\BalanceSpeedControl.hpp(80): warning:  #1300-D: run inherits implicit virtual
      void run() override;
..\Src\GimbalController\Test\BalanceStateRelax.hpp(46): warning:  #1300-D: init inherits implicit virtual
      void init() override;
..\Src\GimbalController\Test\BalanceStateRelax.hpp(52): warning:  #1300-D: enter inherits implicit virtual
      void enter() override;
..\Src\GimbalController\Test\BalanceStateRelax.hpp(60): warning:  #1300-D: execute inherits implicit virtual
      void execute() override;
..\Src\GimbalController\Test\BalanceStateRelax.hpp(65): warning:  #1300-D: exit inherits implicit virtual
      void exit() override;
..\Src\GimbalController\Test\BalanceStateRelax.hpp(71): warning:  #1300-D: run inherits implicit virtual
      void run() override;
..\Src\GimbalController\Test\BalanceRemoteControl.hpp(64): warning:  #1300-D: init inherits implicit virtual
      void init() override;
..\Src\GimbalController\Test\BalanceRemoteControl.hpp(70): warning:  #1300-D: enter inherits implicit virtual
      void enter() override;
..\Src\GimbalController\Test\BalanceRemoteControl.hpp(78): warning:  #1300-D: execute inherits implicit virtual
      void execute() override;
..\Src\GimbalController\Test\BalanceRemoteControl.hpp(83): warning:  #1300-D: exit inherits implicit virtual
      void exit() override;
..\Src\GimbalController\Test\BalanceRemoteControl.hpp(89): warning:  #1300-D: run inherits implicit virtual
      void run() override;
..\Src\GimbalController\Test\BalanceStandControl.hpp(83): warning:  #1300-D: init inherits implicit virtual
      void init() override;
..\Src\GimbalController\Test\BalanceStandControl.hpp(89): warning:  #1300-D: enter inherits implicit virtual
      void enter() override;
..\Src\GimbalController\Test\BalanceStandControl.hpp(95): warning:  #1300-D: execute inherits implicit virtual
      void execute() override;
..\Src\GimbalController\Test\BalanceStandControl.hpp(100): warning:  #1300-D: exit inherits implicit virtual
      void exit() override;
..\Src\GimbalController\Test\BalanceStandControl.hpp(106): warning:  #1300-D: run inherits implicit virtual
      void run() override;
..\Src\GimbalController\Test\BalanceController.hpp(148): warning:  #1300-D: run inherits implicit virtual
      void run() override;
..\Src\GimbalController\Test\BalanceController.hpp(127): warning:  #1299-D: members and base-classes will be initialized in declaration order, not in member initialisation list order
                           odometer(LMotor, RMotor)
../Core/Src/main.c: 72 warnings, 0 errors
linking...
Program Size: Code=70024 RO-data=1228 RW-data=664 ZI-data=45640  
FromELF: creating hex file...
"Gimbal\Gimbal.axf" - 0 Error(s), 111 Warning(s).

<h2>Software Packages used:</h2>

Package Vendor: ARM
                https://www.keil.com/pack/ARM.CMSIS.6.1.0.pack
                ARM::CMSIS@6.1.0
                CMSIS (Common Microcontroller Software Interface Standard)
   * Component: CORE Version: 6.1.0

Package Vendor: Keil
                https://www.keil.com/pack/Keil.STM32F4xx_DFP.2.17.1.pack
                Keil::STM32F4xx_DFP@2.17.1
                STMicroelectronics STM32F4 Series Device Support, Drivers and Examples

<h2>Collection of Component include folders:</h2>
  ./RTE/_Gimbal
  D:/Arm/Packs/ARM/CMSIS/6.1.0/CMSIS/Core/Include
  D:/Arm/Packs/Keil/STM32F4xx_DFP/2.17.1/Drivers/CMSIS/Device/ST/STM32F4xx/Include

<h2>Collection of Component Files used:</h2>

   * Component: ARM::CMSIS:CORE@6.1.0
Build Time Elapsed:  00:00:05
</pre>
</body>
</html>
